Component: ARM Compiler 5.06 update 6 (build 750) Tool: armlink [4d35ed]

==============================================================================

Section Cross References

    main.o(.text) refers to rtx_kernel.o(.text) for osKernelGetState
    main.o(.text) refers to stm32f4xx_hal_rcc.o(.text) for HAL_RCC_OscConfig
    main.o(.text) refers to stm32f4xx_hal.o(.text) for HAL_GetREVID
    main.o(.text) refers to system_stm32f4xx.o(.text) for SystemCoreClockUpdate
    main.o(.text) refers to rtx_thread.o(.text) for osThreadNew
    main.o(.text) refers to system_stm32f4xx.o(.data) for SystemCoreClock
    main.o(.text) refers to main.o(.data) for .data
    main.o(.text) refers to blinky.o(.text) for app_main
    blinky.o(.text) refers to rtx_thread.o(.text) for osThreadFlagsWait
    blinky.o(.text) refers to rtx_delay.o(.text) for osDelay
    blinky.o(.text) refers to led_f4discovery.o(.text) for LED_SetOut
    blinky.o(.text) refers to buttons_f4discovery.o(.text) for Buttons_GetState
    blinky.o(.text) refers to blinky.o(.data) for .data
    buttons_f4discovery.o(.text) refers to stm32f4xx_hal_gpio.o(.text) for HAL_GPIO_Init
    led_f4discovery.o(.text) refers to stm32f4xx_hal_gpio.o(.text) for HAL_GPIO_Init
    led_f4discovery.o(.text) refers to led_f4discovery.o(.constdata) for .constdata
    irq_cm4f.o(.text) refers to rtx_system.o(.text) for osRtxPendSV_Handler
    irq_cm4f.o(.text) refers to rtx_kernel.o(.data.os) for osRtxInfo
    irq_cm4f.o(.text) refers to rtx_lib.o(.constdata) for osRtxUserSVC
    rtx_delay.o(.text) refers to rtx_thread.o(.text) for osRtxThreadWaitEnter
    rtx_delay.o(.text) refers to rtx_evr.o(.text) for EvrRtxDelayStarted
    rtx_delay.o(.text) refers to rtx_kernel.o(.data.os) for osRtxInfo
    rtx_evflags.o(.text) refers to rtx_evflags.o(.emb_text) for __asm___13_rtx_evflags_c_e167c757__atomic_set32
    rtx_evflags.o(.text) refers to rtx_thread.o(.text) for osRtxThreadListRemove
    rtx_evflags.o(.text) refers to rtx_evr.o(.text) for EvrRtxEventFlagsWaitCompleted
    rtx_evflags.o(.text) refers to rtx_mempool.o(.text) for osRtxMemoryPoolAlloc
    rtx_evflags.o(.text) refers to rtx_memory.o(.text) for osRtxMemoryAlloc
    rtx_evflags.o(.text) refers to rtx_system.o(.text) for osRtxPostProcess
    rtx_evflags.o(.text) refers to rtx_kernel.o(.data.os) for osRtxInfo
    rtx_evr.o(.text) refers to eventrecorder.o(.text) for EventRecord4
    rtx_kernel.o(.text) refers to os_systick.o(.text) for OS_Tick_Disable
    rtx_kernel.o(.text) refers to rtx_evr.o(.text) for EvrRtxKernelError
    rtx_kernel.o(.text) refers to memseta.o(.text) for __aeabi_memclr4
    rtx_kernel.o(.text) refers to rtx_memory.o(.text) for osRtxMemoryInit
    rtx_kernel.o(.text) refers to rtx_mempool.o(.text) for osRtxMemoryPoolInit
    rtx_kernel.o(.text) refers to memcpya.o(.text) for __aeabi_memcpy
    rtx_kernel.o(.text) refers to rtx_thread.o(.text) for osRtxThreadStartup
    rtx_kernel.o(.text) refers to rtx_kernel.o(.data.os) for .data.os
    rtx_kernel.o(.text) refers to rtx_lib.o(.rodata) for osRtxConfig
    rtx_kernel.o(.text) refers to irq_cm4f.o(.text) for SysTick_Handler
    rtx_kernel.o(.text) refers to rtx_lib.o(.text) for osRtxKernelPreInit
    rtx_kernel.o(.data.os) refers to rtx_kernel.o(.conststrlit) for .conststrlit
    rtx_lib.o(.text) refers to rtx_kernel.o(.text) for osKernelGetState
    rtx_lib.o(.text) refers to eventrecorder.o(.text) for EventRecorderInitialize
    rtx_lib.o(.constdata) refers to rtx_lib.o(.bss.os.thread.cb) for os_idle_thread_cb
    rtx_lib.o(.constdata) refers to rtx_lib.o(.bss.os.thread.stack) for os_idle_thread_stack
    rtx_lib.o(.constdata) refers to rtx_lib.o(.bss.os.thread.cb) for os_timer_thread_cb
    rtx_lib.o(.constdata) refers to rtx_lib.o(.bss.os.thread.stack) for os_timer_thread_stack
    rtx_lib.o(.constdata) refers to rtx_lib.o(.bss.os.msgqueue.cb) for os_timer_mq_cb
    rtx_lib.o(.constdata) refers to rtx_lib.o(.bss.os.msgqueue.mem) for os_timer_mq_data
    rtx_lib.o(.data) refers to irq_cm4f.o(.constdata) for irqRtxLib
    rtx_lib.o(.rodata) refers to rtx_lib.o(.bss.os) for os_isr_queue
    rtx_lib.o(.rodata) refers to rtx_lib.o(.bss.os) for os_mem
    rtx_lib.o(.rodata) refers to rtx_lib.o(.constdata) for os_idle_thread_attr
    rtx_lib.o(.rodata) refers to rtx_lib.o(.constdata) for os_timer_thread_attr
    rtx_lib.o(.rodata) refers to rtx_lib.o(.constdata) for os_timer_mq_attr
    rtx_memory.o(.text) refers to rtx_evr.o(.text) for EvrRtxMemoryInit
    rtx_mempool.o(.text) refers to rtx_evr.o(.text) for EvrRtxMemoryBlockInit
    rtx_mempool.o(.text) refers to rtx_mempool.o(.emb_text) for __asm___13_rtx_mempool_c_7914b4c7__atomic_link_get
    rtx_mempool.o(.text) refers to rtx_thread.o(.text) for osRtxThreadListGet
    rtx_mempool.o(.text) refers to rtx_memory.o(.text) for osRtxMemoryAlloc
    rtx_mempool.o(.text) refers to memseta.o(.text) for __aeabi_memclr
[...]
    RESET                                    0x08000000   Section      392  startup_stm32f407xx.o(RESET)
    .ARM.Collect$$$$00000000                 0x08000188   Section        0  entry.o(.ARM.Collect$$$$00000000)
    .ARM.Collect$$$$00000001                 0x08000188   Section        4  entry2.o(.ARM.Collect$$$$00000001)
    .ARM.Collect$$$$00000004                 0x0800018c   Section        4  entry5.o(.ARM.Collect$$$$00000004)
    .ARM.Collect$$$$00000008                 0x08000190   Section        0  entry7b.o(.ARM.Collect$$$$00000008)
    .ARM.Collect$$$$0000000A                 0x08000190   Section        0  entry8b.o(.ARM.Collect$$$$0000000A)
    .ARM.Collect$$$$0000000B                 0x08000190   Section        8  entry9a.o(.ARM.Collect$$$$0000000B)
    .ARM.Collect$$$$0000000D                 0x08000198   Section        0  entry10a.o(.ARM.Collect$$$$0000000D)
    .ARM.Collect$$$$0000000F                 0x08000198   Section        0  entry11a.o(.ARM.Collect$$$$0000000F)
    .ARM.Collect$$$$00002712                 0x08000198   Section        4  entry2.o(.ARM.Collect$$$$00002712)
    __lit__00000000                          0x08000198   Data           4  entry2.o(.ARM.Collect$$$$00002712)
    .emb_text                                0x0800019c   Section      328  rtx_mempool.o(.emb_text)
    $v0                                      0x0800019c   Number         0  rtx_mempool.o(.emb_text)
    .emb_text                                0x080002e4   Section      328  rtx_msgqueue.o(.emb_text)
    $v0                                      0x080002e4   Number         0  rtx_msgqueue.o(.emb_text)
    .emb_text                                0x0800042c   Section      328  rtx_system.o(.emb_text)
    $v0                                      0x0800042c   Number         0  rtx_system.o(.emb_text)
    .emb_text                                0x08000574   Section      328  rtx_thread.o(.emb_text)
    $v0                                      0x08000574   Number         0  rtx_thread.o(.emb_text)
    .emb_text                                0x080006bc   Section      116  eventrecorder.o(.emb_text)
    $v0                                      0x080006bc   Number         0  eventrecorder.o(.emb_text)
    .text                                    0x08000730   Section        0  main.o(.text)
    Error_Handler                            0x08000773   Thumb Code     2  main.o(.text)
    SystemClock_Config                       0x08000775   Thumb Code   146  main.o(.text)
    .text                                    0x08000840   Section        0  blinky.o(.text)
    thrBUT                                   0x0800088b   Thumb Code    36  blinky.o(.text)
    .text                                    0x080008e0   Section        0  buttons_f4discovery.o(.text)
    .text                                    0x08000940   Section        0  led_f4discovery.o(.text)
    .text                                    0x08000a08   Section      196  irq_cm4f.o(.text)
    $v0                                      0x08000a08   Number         0  irq_cm4f.o(.text)
    .text                                    0x08000acc   Section        0  rtx_delay.o(.text)
    svcRtxDelay                              0x08000acd   Thumb Code    38  rtx_delay.o(.text)
    svcRtxDelayUntil                         0x08000af3   Thumb Code    60  rtx_delay.o(.text)
    IsIrqMode                                0x08000b8b   Thumb Code    12  rtx_delay.o(.text)
    IsIrqMasked                              0x08000b97   Thumb Code    20  rtx_delay.o(.text)
    .text                                    0x08000bb8   Section        0  rtx_evr.o(.text)
    .text                                    0x08001508   Section        0  rtx_kernel.o(.text)
    KernelBlock                              0x08001509   Thumb Code    38  rtx_kernel.o(.text)
    KernelUnblock                            0x0800152f   Thumb Code    30  rtx_kernel.o(.text)
    svcRtxKernelInitialize                   0x0800154d   Thumb Code   330  rtx_kernel.o(.text)
    svcRtxKernelGetInfo                      0x08001697   Thumb Code    56  rtx_kernel.o(.text)
    svcRtxKernelGetState                     0x080016cf   Thumb Code     6  rtx_kernel.o(.text)
    svcRtxKernelStart                        0x080016d5   Thumb Code   166  rtx_kernel.o(.text)
    svcRtxKernelLock                         0x0800177b   Thumb Code    52  rtx_kernel.o(.text)
    svcRtxKernelUnlock                       0x080017af   Thumb Code    52  rtx_kernel.o(.text)
    svcRtxKernelRestoreLock                  0x080017e3   Thumb Code    72  rtx_kernel.o(.text)
    svcRtxKernelSuspend                      0x0800182b   Thumb Code    62  rtx_kernel.o(.text)
    svcRtxKernelResume                       0x08001869   Thumb Code   122  rtx_kernel.o(.text)
    svcRtxKernelGetTickCount                 0x080018e3   Thumb Code    50  rtx_kernel.o(.text)
    svcRtxKernelGetTickFreq                  0x08001915   Thumb Code    14  rtx_kernel.o(.text)
    svcRtxKernelGetSysTimerCount             0x08001923   Thumb Code    44  rtx_kernel.o(.text)
    svcRtxKernelGetSysTimerFreq              0x0800194f   Thumb Code    18  rtx_kernel.o(.text)
    IsIrqMode                                0x08001b63   Thumb Code    12  rtx_kernel.o(.text)
    IsIrqMasked                              0x08001b6f   Thumb Code    20  rtx_kernel.o(.text)
    .text                                    0x08001bc0   Section        0  rtx_lib.o(.text)
    evr_initialize                           0x08001bd5   Thumb Code   124  rtx_lib.o(.text)
    .text                                    0x08001c50   Section        0  rtx_memory.o(.text)
    .text                                    0x08001d74   Section        0  rtx_mempool.o(.text)
    osRtxMemoryPoolPostProcess               0x08001e35   Thumb Code    52  rtx_mempool.o(.text)
    svcRtxMemoryPoolNew                      0x08001e69   Thumb Code   338  rtx_mempool.o(.text)
    svcRtxMemoryPoolGetName                  0x08001fbb   Thumb Code    38  rtx_mempool.o(.text)
    svcRtxMemoryPoolAlloc                    0x08001fe1   Thumb Code   102  rtx_mempool.o(.text)
    svcRtxMemoryPoolFree                     0x08002047   Thumb Code   114  rtx_mempool.o(.text)
    svcRtxMemoryPoolGetCapacity              0x080020b9   Thumb Code    38  rtx_mempool.o(.text)
    svcRtxMemoryPoolGetBlockSize             0x080020df   Thumb Code    38  rtx_mempool.o(.text)
    svcRtxMemoryPoolGetCount                 0x08002105   Thumb Code    38  rtx_mempool.o(.text)
    svcRtxMemoryPoolGetSpace                 0x0800212b   Thumb Code    46  rtx_mempool.o(.text)
    svcRtxMemoryPoolDelete                   0x08002159   Thumb Code   118  rtx_mempool.o(.text)
    IsIrqMode                                0x080023d3   Thumb Code    12  rtx_mempool.o(.text)
    IsIrqMasked                              0x080023df   Thumb Code    20  rtx_mempool.o(.text)
    .text                                    0x080023fc   Section        0  rtx_msgqueue.o(.text)
    MessageQueuePut                          0x080023fd   Thumb Code    66  rtx_msgqueue.o(.text)
    MessageQueueGet                          0x0800243f   Thumb Code    42  rtx_msgqueue.o(.text)
    MessageQueueRemove                       0x08002469   Thumb Code    30  rtx_msgqueue.o(.text)
    osRtxMessageQueuePostProcess             0x08002487   Thumb Code   242  rtx_msgqueue.o(.text)
    svcRtxMessageQueueNew                    0x08002579   Thumb Code   360  rtx_msgqueue.o(.text)
    svcRtxMessageQueueGetName                0x080026e1   Thumb Code    38  rtx_msgqueue.o(.text)
    svcRtxMessageQueuePut                    0x08002707   Thumb Code   244  rtx_msgqueue.o(.text)
    svcRtxMessageQueueGet                    0x080027fb   Thumb Code   268  rtx_msgqueue.o(.text)
    svcRtxMessageQueueGetCapacity            0x08002907   Thumb Code    38  rtx_msgqueue.o(.text)
    svcRtxMessageQueueGetMsgSize             0x0800292d   Thumb Code    38  rtx_msgqueue.o(.text)
    svcRtxMessageQueueGetCount               0x08002953   Thumb Code    38  rtx_msgqueue.o(.text)
    svcRtxMessageQueueGetSpace               0x08002979   Thumb Code    46  rtx_msgqueue.o(.text)
    svcRtxMessageQueueReset                  0x080029a7   Thumb Code   192  rtx_msgqueue.o(.text)
    svcRtxMessageQueueDelete                 0x08002a67   Thumb Code   130  rtx_msgqueue.o(.text)
    IsIrqMode                                0x08002d5b   Thumb Code    12  rtx_msgqueue.o(.text)
    IsIrqMasked                              0x08002d67   Thumb Code    20  rtx_msgqueue.o(.text)
    .text                                    0x08002da8   Section        0  rtx_mutex.o(.text)
    svcRtxMutexNew                           0x08002e01   Thumb Code   144  rtx_mutex.o(.text)
    svcRtxMutexGetName                       0x08002e91   Thumb Code    38  rtx_mutex.o(.text)
    svcRtxMutexAcquire                       0x08002eb7   Thumb Code   222  rtx_mutex.o(.text)
    svcRtxMutexRelease                       0x08002f95   Thumb Code   232  rtx_mutex.o(.text)
    svcRtxMutexGetOwner                      0x0800307d   Thumb Code    54  rtx_mutex.o(.text)
    svcRtxMutexDelete                        0x080030b3   Thumb Code   186  rtx_mutex.o(.text)
    IsIrqMode                                0x08003293   Thumb Code    12  rtx_mutex.o(.text)
    IsIrqMasked                              0x0800329f   Thumb Code    20  rtx_mutex.o(.text)
    .text                                    0x080032bc   Section        0  rtx_system.o(.text)
    isr_queue_put                            0x080032bd   Thumb Code    48  rtx_system.o(.text)
    isr_queue_get                            0x080032ed   Thumb Code    40  rtx_system.o(.text)
    .text                                    0x0800340c   Section        0  rtx_thread.o(.text)
    ThreadFlagsSet                           0x0800340d   Thumb Code     6  rtx_thread.o(.text)
    ThreadFlagsClear                         0x08003413   Thumb Code     6  rtx_thread.o(.text)
    ThreadFlagsCheck                         0x08003419   Thumb Code    46  rtx_thread.o(.text)
    osRtxThreadListRoot                      0x08003483   Thumb Code    12  rtx_thread.o(.text)
    osRtxThreadListUnlink                    0x080034d1   Thumb Code    30  rtx_thread.o(.text)
    osRtxThreadDelayInsert                   0x080034f9   Thumb Code    92  rtx_thread.o(.text)
    osRtxThreadDelayRemove                   0x08003555   Thumb Code    76  rtx_thread.o(.text)
    osRtxThreadBlock                         0x08003677   Thumb Code    46  rtx_thread.o(.text)
    osRtxThreadPostProcess                   0x080037b5   Thumb Code    58  rtx_thread.o(.text)
    osRtxThreadFree                          0x080037ef   Thumb Code    84  rtx_thread.o(.text)
    svcRtxThreadExit                         0x08003843   Thumb Code   110  rtx_thread.o(.text)
    svcRtxThreadNew                          0x080038c7   Thumb Code   530  rtx_thread.o(.text)
    svcRtxThreadGetName                      0x08003ad9   Thumb Code    38  rtx_thread.o(.text)
    svcRtxThreadGetId                        0x08003aff   Thumb Code    16  rtx_thread.o(.text)
    svcRtxThreadGetState                     0x08003b0f   Thumb Code    42  rtx_thread.o(.text)
    svcRtxThreadGetStackSize                 0x08003b39   Thumb Code    38  rtx_thread.o(.text)
    svcRtxThreadGetStackSpace                0x08003b5f   Thumb Code    86  rtx_thread.o(.text)
    svcRtxThreadSetPriority                  0x08003bb5   Thumb Code   100  rtx_thread.o(.text)
    svcRtxThreadGetPriority                  0x08003c19   Thumb Code    56  rtx_thread.o(.text)
    svcRtxThreadYield                        0x08003c51   Thumb Code    56  rtx_thread.o(.text)
    svcRtxThreadSuspend                      0x08003c89   Thumb Code   162  rtx_thread.o(.text)
    svcRtxThreadResume                       0x08003d2b   Thumb Code    84  rtx_thread.o(.text)
    svcRtxThreadDetach                       0x08003d7f   Thumb Code   106  rtx_thread.o(.text)
    svcRtxThreadJoin                         0x08003de9   Thumb Code   146  rtx_thread.o(.text)
    svcRtxThreadTerminate                    0x08003e7b   Thumb Code   222  rtx_thread.o(.text)
    svcRtxThreadGetCount                     0x08003f59   Thumb Code    54  rtx_thread.o(.text)
    svcRtxThreadEnumerate                    0x08003f8f   Thumb Code    90  rtx_thread.o(.text)
    svcRtxThreadFlagsSet                     0x08003fe9   Thumb Code   142  rtx_thread.o(.text)
    svcRtxThreadFlagsClear                   0x08004077   Thumb Code    64  rtx_thread.o(.text)
    svcRtxThreadFlagsGet                     0x080040b7   Thumb Code    32  rtx_thread.o(.text)
    svcRtxThreadFlagsWait                    0x080040d7   Thumb Code   146  rtx_thread.o(.text)
    IsIrqMode                                0x0800455d   Thumb Code    12  rtx_thread.o(.text)
    IsIrqMasked                              0x08004569   Thumb Code    20  rtx_thread.o(.text)
    .text                                    0x080045cc   Section        0  rtx_timer.o(.text)
    TimerInsert                              0x080045cd   Thumb Code    50  rtx_timer.o(.text)
    TimerRemove                              0x080045ff   Thumb Code    38  rtx_timer.o(.text)
    TimerUnlink                              0x08004625   Thumb Code    18  rtx_timer.o(.text)
    osRtxTimerTick                           0x08004637   Thumb Code    82  rtx_timer.o(.text)
    svcRtxTimerNew                           0x080046c3   Thumb Code   180  rtx_timer.o(.text)
    svcRtxTimerGetName                       0x08004777   Thumb Code    38  rtx_timer.o(.text)
    svcRtxTimerStart                         0x0800479d   Thumb Code    94  rtx_timer.o(.text)
    svcRtxTimerStop                          0x080047fb   Thumb Code    72  rtx_timer.o(.text)
    svcRtxTimerIsRunning                     0x08004843   Thumb Code    48  rtx_timer.o(.text)
    svcRtxTimerDelete                        0x08004873   Thumb Code    90  rtx_timer.o(.text)
    IsIrqMode                                0x08004a0f   Thumb Code    12  rtx_timer.o(.text)
    IsIrqMasked                              0x08004a1b   Thumb Code    20  rtx_timer.o(.text)
    .text                                    0x08004a38   Section        0  os_systick.o(.text)
    .text                                    0x08004afc   Section        0  rtx_config.o(.text)
    .text                                    0x08004b00   Section        0  eventrecorder.o(.text)
    EventRecordItem                          0x08004b01   Thumb Code   170  eventrecorder.o(.text)
    EventGetTS                               0x08004bb1   Thumb Code    50  eventrecorder.o(.text)
    crc16_ccitt                              0x08004be3   Thumb Code    56  eventrecorder.o(.text)
    EventCheckFilter                         0x0800500d   Thumb Code    36  eventrecorder.o(.text)
    .text                                    0x08005038   Section        0  stm32f4xx_hal.o(.text)
    .text                                    0x080051ec   Section        0  stm32f4xx_hal_cortex.o(.text)
    __NVIC_SetPriority                       0x0800545b   Thumb Code    32  stm32f4xx_hal_cortex.o(.text)
    .text                                    0x08005484   Section        0  stm32f4xx_hal_gpio.o(.text)
    .text                                    0x080057a8   Section        0  stm32f4xx_hal_rcc.o(.text)
    .text                                    0x08005ec0   Section       36  startup_stm32f407xx.o(.text)
    $v0                                      0x08005ec0   Number         0  startup_stm32f407xx.o(.text)
    .text                                    0x08005ee4   Section        0  system_stm32f4xx.o(.text)
    .text                                    0x08005fbc   Section        0  uldiv.o(.text)
    .text                                    0x0800601e   Section        0  memcpya.o(.text)
    .text                                    0x08006042   Section        0  memseta.o(.text)
    .text                                    0x08006066   Section        0  llshl.o(.text)
    .text                                    0x08006084   Section        0  llushr.o(.text)
    .text                                    0x080060a4   Section       36  init.o(.text)
    .text                                    0x080060c8   Section        0  __dczerorl.o(.text)
    i.__scatterload_copy                     0x08006102   Section       14  handlers.o(i.__scatterload_copy)
    i.__scatterload_null                     0x08006110   Section        2  handlers.o(i.__scatterload_null)
    i.__scatterload_zeroinit                 0x08006112   Section       14  handlers.o(i.__scatterload_zeroinit)
    .constdata                               0x08006120   Section       32  led_f4discovery.o(.constdata)
    LED_PIN                                  0x08006120   Data          32  led_f4discovery.o(.constdata)
    .constdata                               0x08006140   Section       36  rtx_lib.o(.constdata)
    os_idle_thread_attr                      0x08006140   Data          36  rtx_lib.o(.constdata)
    .constdata                               0x08006164   Section       36  rtx_lib.o(.constdata)
    os_timer_thread_attr                     0x08006164   Data          36  rtx_lib.o(.constdata)
    .constdata                               0x08006188   Section       24  rtx_lib.o(.constdata)
    os_timer_mq_attr                         0x08006188   Data          24  rtx_lib.o(.constdata)
    .constdata                               0x080061a0   Section        4  rtx_lib.o(.constdata)
    .constdata                               0x080061a4   Section       24  eventrecorder.o(.constdata)
    __tagsym$$used                           0x080061a4   Number         0  eventrecorder.o(.constdata)
    .constdata                               0x080061bc   Section       16  system_stm32f4xx.o(.constdata)
    .constdata                               0x080061cc   Section        8  system_stm32f4xx.o(.constdata)
    .conststrlit                             0x080061d4   Section       11  rtx_kernel.o(.conststrlit)
    .rodata                                  0x080061e0   Section      160  rtx_lib.o(.rodata)
    __tagsym$$used                           0x080061e0   Number         0  rtx_lib.o(.rodata)
    __tagsym$$used                           0x08006248   Number         0  rtx_lib.o(.rodata)
    .bss.noinit                              0x10000000   Section     1188  eventrecorder.o(.bss.noinit)
    EventBuffer                              0x10000000   Data        1024  eventrecorder.o(.bss.noinit)
    EventFilter                              0x10000400   Data         128  eventrecorder.o(.bss.noinit)
    EventStatus                              0x10000480   Data          36  eventrecorder.o(.bss.noinit)
    .bss.os                                  0x20000000   Section     4096  rtx_lib.o(.bss.os)
    os_mem                                   0x20000000   Data        4096  rtx_lib.o(.bss.os)
    .bss.os                                  0x20001000   Section       64  rtx_lib.o(.bss.os)
    os_isr_queue                             0x20001000   Data          64  rtx_lib.o(.bss.os)
    .bss.os.msgqueue.cb                      0x20001040   Section       52  rtx_lib.o(.bss.os.msgqueue.cb)
    os_timer_mq_cb                           0x20001040   Data          52  rtx_lib.o(.bss.os.msgqueue.cb)
    .bss.os.msgqueue.mem                     0x20001074   Section       80  rtx_lib.o(.bss.os.msgqueue.mem)
    os_timer_mq_data                         0x20001074   Data          80  rtx_lib.o(.bss.os.msgqueue.mem)
    .bss.os.thread.cb                        0x200010c4   Section       68  rtx_lib.o(.bss.os.thread.cb)
    os_idle_thread_cb                        0x200010c4   Data          68  rtx_lib.o(.bss.os.thread.cb)
    .bss.os.thread.cb                        0x20001108   Section       68  rtx_lib.o(.bss.os.thread.cb)
    os_timer_thread_cb                       0x20001108   Data          68  rtx_lib.o(.bss.os.thread.cb)
    .bss.os.thread.stack                     0x20001150   Section      256  rtx_lib.o(.bss.os.thread.stack)
    os_idle_thread_stack                     0x20001150   Data         256  rtx_lib.o(.bss.os.thread.stack)
    .bss.os.thread.stack                     0x20001250   Section      256  rtx_lib.o(.bss.os.thread.stack)
    os_timer_thread_stack                    0x20001250   Data         256  rtx_lib.o(.bss.os.thread.stack)
    .data                                    0x20001350   Section        4  main.o(.data)
    ticks                                    0x20001350   Data           4  main.o(.data)
    .data                                    0x20001354   Section        8  blinky.o(.data)
    tid_thrLED                               0x20001354   Data           4  blinky.o(.data)
    tid_thrBUT                               0x20001358   Data           4  blinky.o(.data)
    .data                                    0x2000135c   Section        1  os_systick.o(.data)
    PendST                                   0x2000135c   Data           1  os_systick.o(.data)
    .data                                    0x20001360   Section       12  stm32f4xx_hal.o(.data)
    .data                                    0x2000136c   Section        4  system_stm32f4xx.o(.data)
    .data.os                                 0x20001370   Section      164  rtx_kernel.o(.data.os)
    STACK                                    0x20001418   Section     1024  startup_stm32f407xx.o(STACK)

    Global Symbols

    Symbol Name                              Value     Ov Type        Size  Object(Section)

    BuildAttributes$$THM_ISAv4$E$P$D$K$B$S$7EM$VFPi3$EXTD16$VFPS$VFMA$PE$A:L22UL41UL21$X:L11$S22US41US21$IEEE1$IW$USESV6$~STKCKD$USESV7$~SHL$OSPACE$EBA8$MICROLIB$REQ8$PRES8$EABIv2 0x00000000   Number         0  anon$$obj.o ABSOLUTE
    __ARM_use_no_argv                        0x00000000   Number         0  main.o ABSOLUTE
    .bss.os.evflags.cb$$Base                  - Undefined Weak Reference
    .bss.os.evflags.cb$$Limit                 - Undefined Weak Reference
    .bss.os.mempool.cb$$Base                  - Undefined Weak Reference
    .bss.os.mempool.cb$$Limit                 - Undefined Weak Reference
    .bss.os.mutex.cb$$Base                    - Undefined Weak Reference
    .bss.os.mutex.cb$$Limit                   - Undefined Weak Reference
    .bss.os.semaphore.cb$$Base                - Undefined Weak Reference
    .bss.os.semaphore.cb$$Limit               - Undefined Weak Reference
    .bss.os.timer.cb$$Base                    - Undefined Weak Reference
    .bss.os.timer.cb$$Limit                   - Undefined Weak Reference
    __cpp_initialize__aeabi_                  - Undefined Weak Reference
    __cxa_finalize                            - Undefined Weak Reference
    _clock_init                               - Undefined Weak Reference
    _microlib_exit                            - Undefined Weak Reference
    __Vectors_Size                           0x00000188   Number         0  startup_stm32f407xx.o ABSOLUTE
    __Vectors                                0x08000000   Data           4  startup_stm32f407xx.o(RESET)
    __Vectors_End                            0x08000188   Data           0  startup_stm32f407xx.o(RESET)
    __main                                   0x08000189   Thumb Code     0  entry.o(.ARM.Collect$$$$00000000)
    _main_stk                                0x08000189   Thumb Code     0  entry2.o(.ARM.Collect$$$$00000001)
    _main_scatterload                        0x0800018d   Thumb Code     0  entry5.o(.ARM.Collect$$$$00000004)
    __main_after_scatterload                 0x08000191   Thumb Code     0  entry5.o(.ARM.Collect$$$$00000004)
    _main_clock                              0x08000191   Thumb Code     0  entry7b.o(.ARM.Collect$$$$00000008)
    _main_cpp_init                           0x08000191   Thumb Code     0  entry8b.o(.ARM.Collect$$$$0000000A)
    _main_init                               0x08000191   Thumb Code     0  entry9a.o(.ARM.Collect$$$$0000000B)
    __rt_final_cpp                           0x08000199   Thumb Code     0  entry10a.o(.ARM.Collect$$$$0000000D)
    __rt_final_exit                          0x08000199   Thumb Code     0  entry11a.o(.ARM.Collect$$$$0000000F)
    __asm___13_rtx_mempool_c_7914b4c7__atomic_wr8 0x0800019d   Thumb Code    16  rtx_mempool.o(.emb_text)
    __asm___13_rtx_mempool_c_7914b4c7__atomic_set32 0x080001ad   Thumb Code    20  rtx_mempool.o(.emb_text)
    __asm___13_rtx_mempool_c_7914b4c7__atomic_clr32 0x080001c1   Thumb Code    22  rtx_mempool.o(.emb_text)
    __asm___13_rtx_mempool_c_7914b4c7__atomic_chk32_all 0x080001d7   Thumb Code    38  rtx_mempool.o(.emb_text)
    __asm___13_rtx_mempool_c_7914b4c7__atomic_chk32_any 0x080001fd   Thumb Code    34  rtx_mempool.o(.emb_text)
    __asm___13_rtx_mempool_c_7914b4c7__atomic_inc32 0x0800021f   Thumb Code    18  rtx_mempool.o(.emb_text)
    __asm___13_rtx_mempool_c_7914b4c7__atomic_inc16_lt 0x08000231   Thumb Code    30  rtx_mempool.o(.emb_text)
    __asm___13_rtx_mempool_c_7914b4c7__atomic_inc16_lim 0x0800024f   Thumb Code    26  rtx_mempool.o(.emb_text)
    __asm___13_rtx_mempool_c_7914b4c7__atomic_dec32 0x08000269   Thumb Code    18  rtx_mempool.o(.emb_text)
    __asm___13_rtx_mempool_c_7914b4c7__atomic_dec32_nz 0x0800027b   Thumb Code    26  rtx_mempool.o(.emb_text)
    __asm___13_rtx_mempool_c_7914b4c7__atomic_dec16_nz 0x08000295   Thumb Code    26  rtx_mempool.o(.emb_text)
    __asm___13_rtx_mempool_c_7914b4c7__atomic_link_get 0x080002af   Thumb Code    26  rtx_mempool.o(.emb_text)
    __asm___13_rtx_mempool_c_7914b4c7__atomic_link_put 0x080002c9   Thumb Code    28  rtx_mempool.o(.emb_text)
    __asm___14_rtx_msgqueue_c_ba128ae8__atomic_wr8 0x080002e5   Thumb Code    16  rtx_msgqueue.o(.emb_text)
    __asm___14_rtx_msgqueue_c_ba128ae8__atomic_set32 0x080002f5   Thumb Code    20  rtx_msgqueue.o(.emb_text)
    __asm___14_rtx_msgqueue_c_ba128ae8__atomic_clr32 0x08000309   Thumb Code    22  rtx_msgqueue.o(.emb_text)
    __asm___14_rtx_msgqueue_c_ba128ae8__atomic_chk32_all 0x0800031f   Thumb Code    38  rtx_msgqueue.o(.emb_text)
    __asm___14_rtx_msgqueue_c_ba128ae8__atomic_chk32_any 0x08000345   Thumb Code    34  rtx_msgqueue.o(.emb_text)
    __asm___14_rtx_msgqueue_c_ba128ae8__atomic_inc32 0x08000367   Thumb Code    18  rtx_msgqueue.o(.emb_text)
    __asm___14_rtx_msgqueue_c_ba128ae8__atomic_inc16_lt 0x08000379   Thumb Code    30  rtx_msgqueue.o(.emb_text)
    __asm___14_rtx_msgqueue_c_ba128ae8__atomic_inc16_lim 0x08000397   Thumb Code    26  rtx_msgqueue.o(.emb_text)
    __asm___14_rtx_msgqueue_c_ba128ae8__atomic_dec32 0x080003b1   Thumb Code    18  rtx_msgqueue.o(.emb_text)
    __asm___14_rtx_msgqueue_c_ba128ae8__atomic_dec32_nz 0x080003c3   Thumb Code    26  rtx_msgqueue.o(.emb_text)
    __asm___14_rtx_msgqueue_c_ba128ae8__atomic_dec16_nz 0x080003dd   Thumb Code    26  rtx_msgqueue.o(.emb_text)
    __asm___14_rtx_msgqueue_c_ba128ae8__atomic_link_get 0x080003f7   Thumb Code    26  rtx_msgqueue.o(.emb_text)
    __asm___14_rtx_msgqueue_c_ba128ae8__atomic_link_put 0x08000411   Thumb Code    28  rtx_msgqueue.o(.emb_text)
    __asm___12_rtx_system_c_024f2f18__atomic_wr8 0x0800042d   Thumb Code    16  rtx_system.o(.emb_text)
    __asm___12_rtx_system_c_024f2f18__atomic_set32 0x0800043d   Thumb Code    20  rtx_system.o(.emb_text)
    __asm___12_rtx_system_c_024f2f18__atomic_clr32 0x08000451   Thumb Code    22  rtx_system.o(.emb_text)
    __asm___12_rtx_system_c_024f2f18__atomic_chk32_all 0x08000467   Thumb Code    38  rtx_system.o(.emb_text)
    __asm___12_rtx_system_c_024f2f18__atomic_chk32_any 0x0800048d   Thumb Code    34  rtx_system.o(.emb_text)
    __asm___12_rtx_system_c_024f2f18__atomic_inc32 0x080004af   Thumb Code    18  rtx_system.o(.emb_text)
    __asm___12_rtx_system_c_024f2f18__atomic_inc16_lt 0x080004c1   Thumb Code    30  rtx_system.o(.emb_text)
    __asm___12_rtx_system_c_024f2f18__atomic_inc16_lim 0x080004df   Thumb Code    26  rtx_system.o(.emb_text)
    __asm___12_rtx_system_c_024f2f18__atomic_dec32 0x080004f9   Thumb Code    18  rtx_system.o(.emb_text)
    __asm___12_rtx_system_c_024f2f18__atomic_dec32_nz 0x0800050b   Thumb Code    26  rtx_system.o(.emb_text)
    __asm___12_rtx_system_c_024f2f18__atomic_dec16_nz 0x08000525   Thumb Code    26  rtx_system.o(.emb_text)
    __asm___12_rtx_system_c_024f2f18__atomic_link_get 0x0800053f   Thumb Code    26  rtx_system.o(.emb_text)
    __asm___12_rtx_system_c_024f2f18__atomic_link_put 0x08000559   Thumb Code    28  rtx_system.o(.emb_text)
    __asm___12_rtx_thread_c_add96be5__atomic_wr8 0x08000575   Thumb Code    16  rtx_thread.o(.emb_text)
    __asm___12_rtx_thread_c_add96be5__atomic_set32 0x08000585   Thumb Code    20  rtx_thread.o(.emb_text)
    __asm___12_rtx_thread_c_add96be5__atomic_clr32 0x08000599   Thumb Code    22  rtx_thread.o(.emb_text)
    __asm___12_rtx_thread_c_add96be5__atomic_chk32_all 0x080005af   Thumb Code    38  rtx_thread.o(.emb_text)
    __asm___12_rtx_thread_c_add96be5__atomic_chk32_any 0x080005d5   Thumb Code    34  rtx_thread.o(.emb_text)
    __asm___12_rtx_thread_c_add96be5__atomic_inc32 0x080005f7   Thumb Code    18  rtx_thread.o(.emb_text)
    __asm___12_rtx_thread_c_add96be5__atomic_inc16_lt 0x08000609   Thumb Code    30  rtx_thread.o(.emb_text)
    __asm___12_rtx_thread_c_add96be5__atomic_inc16_lim 0x08000627   Thumb Code    26  rtx_thread.o(.emb_text)
    __asm___12_rtx_thread_c_add96be5__atomic_dec32 0x08000641   Thumb Code    18  rtx_thread.o(.emb_text)
    __asm___12_rtx_thread_c_add96be5__atomic_dec32_nz 0x08000653   Thumb Code    26  rtx_thread.o(.emb_text)
    __asm___12_rtx_thread_c_add96be5__atomic_dec16_nz 0x0800066d   Thumb Code    26  rtx_thread.o(.emb_text)
    __asm___12_rtx_thread_c_add96be5__atomic_link_get 0x08000687   Thumb Code    26  rtx_thread.o(.emb_text)
    __asm___12_rtx_thread_c_add96be5__atomic_link_put 0x080006a1   Thumb Code    28  rtx_thread.o(.emb_text)
    __asm___15_EventRecorder_c_e8d3082c__atomic_inc8 0x080006bd   Thumb Code    18  eventrecorder.o(.emb_text)
    __asm___15_EventRecorder_c_e8d3082c__atomic_inc32 0x080006cf   Thumb Code    18  eventrecorder.o(.emb_text)
    __asm___15_EventRecorder_c_e8d3082c__atomic_xch32 0x080006e1   Thumb Code    16  eventrecorder.o(.emb_text)
    __asm___15_EventRecorder_c_e8d3082c__LockRecord 0x080006f1   Thumb Code    34  eventrecorder.o(.emb_text)
    __asm___15_EventRecorder_c_e8d3082c__UnlockRecord 0x08000713   Thumb Code    30  eventrecorder.o(.emb_text)
    HAL_GetTick                              0x08000731   Thumb Code    66  main.o(.text)
    main                                     0x08000807   Thumb Code    32  main.o(.text)
    thrLED                                   0x08000841   Thumb Code    74  blinky.o(.text)
    app_main                                 0x080008af   Thumb Code    40  blinky.o(.text)
    Buttons_Initialize                       0x080008e1   Thumb Code    46  buttons_f4discovery.o(.text)
    Buttons_Uninitialize                     0x0800090f   Thumb Code    14  buttons_f4discovery.o(.text)
    Buttons_GetState                         0x0800091d   Thumb Code    22  buttons_f4discovery.o(.text)
    Buttons_GetCount                         0x08000933   Thumb Code     4  buttons_f4discovery.o(.text)
    LED_Initialize                           0x08000941   Thumb Code    54  led_f4discovery.o(.text)
    LED_Uninitialize                         0x08000977   Thumb Code    16  led_f4discovery.o(.text)
    LED_On                                   0x08000987   Thumb Code    36  led_f4discovery.o(.text)
    LED_Off                                  0x080009ab   Thumb Code    36  led_f4discovery.o(.text)
    LED_SetOut                               0x080009cf   Thumb Code    40  led_f4discovery.o(.text)
    LED_GetCount                             0x080009f7   Thumb Code     4  led_f4discovery.o(.text)
    SVC_Handler                              0x08000a09   Thumb Code   152  irq_cm4f.o(.text)
    PendSV_Handler                           0x08000aa1   Thumb Code    16  irq_cm4f.o(.text)
    SysTick_Handler                          0x08000ab1   Thumb Code    16  irq_cm4f.o(.text)
    osDelay                                  0x08000b2f   Thumb Code    46  rtx_delay.o(.text)
    osDelayUntil                             0x08000b5d   Thumb Code    46  rtx_delay.o(.text)
    EvrRtxMemoryInit                         0x08000bb9   Thumb Code    24  rtx_evr.o(.text)
    EvrRtxMemoryAlloc                        0x08000bd1   Thumb Code    18  rtx_evr.o(.text)
    EvrRtxMemoryFree                         0x08000be3   Thumb Code    24  rtx_evr.o(.text)
    EvrRtxMemoryBlockInit                    0x08000bfb   Thumb Code    20  rtx_evr.o(.text)
    EvrRtxMemoryBlockAlloc                   0x08000c0f   Thumb Code    12  rtx_evr.o(.text)
    EvrRtxMemoryBlockFree                    0x08000c1b   Thumb Code    24  rtx_evr.o(.text)
    EvrRtxKernelError                        0x08000c33   Thumb Code    12  rtx_evr.o(.text)
    EvrRtxKernelInitialize                   0x08000c3f   Thumb Code    10  rtx_evr.o(.text)
    EvrRtxKernelInitialized                  0x08000c49   Thumb Code    10  rtx_evr.o(.text)
    EvrRtxKernelGetInfo                      0x08000c53   Thumb Code    24  rtx_evr.o(.text)
    EvrRtxKernelInfoRetrieved                0x08000c6b   Thumb Code    40  rtx_evr.o(.text)
    EvrRtxKernelStart                        0x08000c93   Thumb Code    12  rtx_evr.o(.text)
    EvrRtxKernelStarted                      0x08000c9f   Thumb Code    12  rtx_evr.o(.text)
    EvrRtxKernelLock                         0x08000cab   Thumb Code    12  rtx_evr.o(.text)
    EvrRtxKernelLocked                       0x08000cb7   Thumb Code    12  rtx_evr.o(.text)
    EvrRtxKernelUnlock                       0x08000cc3   Thumb Code    12  rtx_evr.o(.text)
    EvrRtxKernelUnlocked                     0x08000ccf   Thumb Code    12  rtx_evr.o(.text)
    EvrRtxKernelRestoreLock                  0x08000cdb   Thumb Code    12  rtx_evr.o(.text)
    EvrRtxKernelLockRestored                 0x08000ce7   Thumb Code    12  rtx_evr.o(.text)
    EvrRtxKernelSuspend                      0x08000cf3   Thumb Code    12  rtx_evr.o(.text)
    EvrRtxKernelSuspended                    0x08000cff   Thumb Code    12  rtx_evr.o(.text)
    EvrRtxKernelResume                       0x08000d0b   Thumb Code    12  rtx_evr.o(.text)
    EvrRtxKernelResumed                      0x08000d17   Thumb Code    12  rtx_evr.o(.text)
    EvrRtxKernelGetTickCount                 0x08000d23   Thumb Code    12  rtx_evr.o(.text)
    EvrRtxKernelGetTickFreq                  0x08000d2f   Thumb Code    12  rtx_evr.o(.text)
    EvrRtxKernelGetSysTimerCount             0x08000d3b   Thumb Code    12  rtx_evr.o(.text)
    EvrRtxKernelGetSysTimerFreq              0x08000d47   Thumb Code    12  rtx_evr.o(.text)
    EvrRtxThreadError                        0x08000d53   Thumb Code    12  rtx_evr.o(.text)
    EvrRtxThreadNew                          0x08000d5f   Thumb Code    22  rtx_evr.o(.text)
    EvrRtxThreadCreated                      0x08000d75   Thumb Code    24  rtx_evr.o(.text)
    EvrRtxThreadGetName                      0x08000d8d   Thumb Code    12  rtx_evr.o(.text)
    EvrRtxThreadGetId                        0x08000d99   Thumb Code    12  rtx_evr.o(.text)
    EvrRtxThreadGetState                     0x08000da5   Thumb Code    12  rtx_evr.o(.text)
    EvrRtxThreadGetStackSize                 0x08000db1   Thumb Code    12  rtx_evr.o(.text)
    EvrRtxThreadGetStackSpace                0x08000dbd   Thumb Code    12  rtx_evr.o(.text)
    EvrRtxThreadSetPriority                  0x08000dc9   Thumb Code    12  rtx_evr.o(.text)
    EvrRtxThreadPriorityUpdated              0x08000dd5   Thumb Code    12  rtx_evr.o(.text)
    EvrRtxThreadGetPriority                  0x08000de1   Thumb Code    12  rtx_evr.o(.text)
    EvrRtxThreadYield                        0x08000ded   Thumb Code    12  rtx_evr.o(.text)
    EvrRtxThreadSuspend                      0x08000df9   Thumb Code    12  rtx_evr.o(.text)
    EvrRtxThreadSuspended                    0x08000e05   Thumb Code    12  rtx_evr.o(.text)
    EvrRtxThreadResume                       0x08000e11   Thumb Code    12  rtx_evr.o(.text)
    EvrRtxThreadResumed                      0x08000e1d   Thumb Code    12  rtx_evr.o(.text)
    EvrRtxThreadDetach                       0x08000e29   Thumb Code    12  rtx_evr.o(.text)
    EvrRtxThreadDetached                     0x08000e35   Thumb Code    12  rtx_evr.o(.text)
    EvrRtxThreadJoin                         0x08000e41   Thumb Code    12  rtx_evr.o(.text)
    EvrRtxThreadJoinPending                  0x08000e4d   Thumb Code    12  rtx_evr.o(.text)
    EvrRtxThreadJoined                       0x08000e59   Thumb Code    12  rtx_evr.o(.text)
    EvrRtxThreadBlocked                      0x08000e65   Thumb Code    10  rtx_evr.o(.text)
    EvrRtxThreadUnblocked                    0x08000e6f   Thumb Code    12  rtx_evr.o(.text)
    EvrRtxThreadPreempted                    0x08000e7b   Thumb Code    12  rtx_evr.o(.text)
    EvrRtxThreadSwitched                     0x08000e87   Thumb Code    12  rtx_evr.o(.text)
    EvrRtxThreadExit                         0x08000e93   Thumb Code    12  rtx_evr.o(.text)
    EvrRtxThreadTerminate                    0x08000e9f   Thumb Code    12  rtx_evr.o(.text)
    EvrRtxThreadDestroyed                    0x08000eab   Thumb Code    12  rtx_evr.o(.text)
    EvrRtxThreadGetCount                     0x08000eb7   Thumb Code    12  rtx_evr.o(.text)
    EvrRtxThreadEnumerate                    0x08000ec3   Thumb Code    24  rtx_evr.o(.text)
    EvrRtxThreadFlagsError                   0x08000edb   Thumb Code    12  rtx_evr.o(.text)
    EvrRtxThreadFlagsSet                     0x08000ee7   Thumb Code    10  rtx_evr.o(.text)
    EvrRtxThreadFlagsSetDone                 0x08000ef1   Thumb Code    10  rtx_evr.o(.text)
    EvrRtxThreadFlagsClear                   0x08000efb   Thumb Code    12  rtx_evr.o(.text)
    EvrRtxThreadFlagsClearDone               0x08000f07   Thumb Code    12  rtx_evr.o(.text)
    EvrRtxThreadFlagsGet                     0x08000f13   Thumb Code    12  rtx_evr.o(.text)
    EvrRtxThreadFlagsWait                    0x08000f1f   Thumb Code    24  rtx_evr.o(.text)
    EvrRtxThreadFlagsWaitPending             0x08000f37   Thumb Code    24  rtx_evr.o(.text)
    EvrRtxThreadFlagsWaitTimeout             0x08000f4f   Thumb Code    12  rtx_evr.o(.text)
    EvrRtxThreadFlagsWaitCompleted           0x08000f5b   Thumb Code    20  rtx_evr.o(.text)
    EvrRtxThreadFlagsWaitNotCompleted        0x08000f6f   Thumb Code    12  rtx_evr.o(.text)
    EvrRtxDelayError                         0x08000f7b   Thumb Code    12  rtx_evr.o(.text)
    EvrRtxDelay                              0x08000f87   Thumb Code    10  rtx_evr.o(.text)
    EvrRtxDelayUntil                         0x08000f91   Thumb Code    12  rtx_evr.o(.text)
    EvrRtxDelayStarted                       0x08000f9d   Thumb Code    12  rtx_evr.o(.text)
    EvrRtxDelayUntilStarted                  0x08000fa9   Thumb Code    52  rtx_evr.o(.text)
    EvrRtxDelayCompleted                     0x08000fdd   Thumb Code    10  rtx_evr.o(.text)
    EvrRtxTimerError                         0x08000fe7   Thumb Code    12  rtx_evr.o(.text)
    EvrRtxTimerCallback                      0x08000ff3   Thumb Code    10  rtx_evr.o(.text)
    EvrRtxTimerNew                           0x08000ffd   Thumb Code    18  rtx_evr.o(.text)
    EvrRtxTimerCreated                       0x0800100f   Thumb Code    12  rtx_evr.o(.text)
    EvrRtxTimerGetName                       0x0800101b   Thumb Code    12  rtx_evr.o(.text)
    EvrRtxTimerStart                         0x08001027   Thumb Code    12  rtx_evr.o(.text)
    EvrRtxTimerStarted                       0x08001033   Thumb Code    12  rtx_evr.o(.text)
    EvrRtxTimerStop                          0x0800103f   Thumb Code    12  rtx_evr.o(.text)
    EvrRtxTimerStopped                       0x0800104b   Thumb Code    12  rtx_evr.o(.text)
    EvrRtxTimerIsRunning                     0x08001057   Thumb Code    12  rtx_evr.o(.text)
    EvrRtxTimerDelete                        0x08001063   Thumb Code    12  rtx_evr.o(.text)
    EvrRtxTimerDestroyed                     0x0800106f   Thumb Code    12  rtx_evr.o(.text)
    EvrRtxEventFlagsError                    0x0800107b   Thumb Code    12  rtx_evr.o(.text)
    EvrRtxEventFlagsNew                      0x08001087   Thumb Code    10  rtx_evr.o(.text)
    EvrRtxEventFlagsCreated                  0x08001091   Thumb Code    12  rtx_evr.o(.text)
    EvrRtxEventFlagsGetName                  0x0800109d   Thumb Code    12  rtx_evr.o(.text)
    EvrRtxEventFlagsSet                      0x080010a9   Thumb Code    12  rtx_evr.o(.text)
    EvrRtxEventFlagsSetDone                  0x080010b5   Thumb Code    12  rtx_evr.o(.text)
    EvrRtxEventFlagsClear                    0x080010c1   Thumb Code    12  rtx_evr.o(.text)
    EvrRtxEventFlagsClearDone                0x080010cd   Thumb Code    12  rtx_evr.o(.text)
    EvrRtxEventFlagsGet                      0x080010d9   Thumb Code    12  rtx_evr.o(.text)
    EvrRtxEventFlagsWait                     0x080010e5   Thumb Code    20  rtx_evr.o(.text)
    EvrRtxEventFlagsWaitPending              0x080010f9   Thumb Code    20  rtx_evr.o(.text)
    EvrRtxEventFlagsWaitTimeout              0x0800110d   Thumb Code    12  rtx_evr.o(.text)
    EvrRtxEventFlagsWaitCompleted            0x08001119   Thumb Code    20  rtx_evr.o(.text)
    EvrRtxEventFlagsWaitNotCompleted         0x0800112d   Thumb Code    24  rtx_evr.o(.text)
    EvrRtxEventFlagsDelete                   0x08001145   Thumb Code    12  rtx_evr.o(.text)
    EvrRtxEventFlagsDestroyed                0x08001151   Thumb Code    12  rtx_evr.o(.text)
    EvrRtxMutexError                         0x0800115d   Thumb Code    12  rtx_evr.o(.text)
    EvrRtxMutexNew                           0x08001169   Thumb Code    12  rtx_evr.o(.text)
    EvrRtxMutexCreated                       0x08001175   Thumb Code    10  rtx_evr.o(.text)
    EvrRtxMutexGetName                       0x0800117f   Thumb Code    10  rtx_evr.o(.text)
    EvrRtxMutexAcquire                       0x08001189   Thumb Code    12  rtx_evr.o(.text)
    EvrRtxMutexAcquirePending                0x08001195   Thumb Code    12  rtx_evr.o(.text)
    EvrRtxMutexAcquireTimeout                0x080011a1   Thumb Code    12  rtx_evr.o(.text)
    EvrRtxMutexAcquired                      0x080011ad   Thumb Code    12  rtx_evr.o(.text)
    EvrRtxMutexNotAcquired                   0x080011b9   Thumb Code    12  rtx_evr.o(.text)
    EvrRtxMutexRelease                       0x080011c5   Thumb Code    12  rtx_evr.o(.text)
    EvrRtxMutexReleased                      0x080011d1   Thumb Code    12  rtx_evr.o(.text)
    EvrRtxMutexGetOwner                      0x080011dd   Thumb Code    12  rtx_evr.o(.text)
    EvrRtxMutexDelete                        0x080011e9   Thumb Code    12  rtx_evr.o(.text)
    EvrRtxMutexDestroyed                     0x080011f5   Thumb Code    12  rtx_evr.o(.text)
    EvrRtxSemaphoreError                     0x08001201   Thumb Code    12  rtx_evr.o(.text)
    EvrRtxSemaphoreNew                       0x0800120d   Thumb Code    24  rtx_evr.o(.text)
    EvrRtxSemaphoreCreated                   0x08001225   Thumb Code    10  rtx_evr.o(.text)
    EvrRtxSemaphoreGetName                   0x0800122f   Thumb Code    10  rtx_evr.o(.text)
    EvrRtxSemaphoreAcquire                   0x08001239   Thumb Code    12  rtx_evr.o(.text)
    EvrRtxSemaphoreAcquirePending            0x08001245   Thumb Code    12  rtx_evr.o(.text)
    EvrRtxSemaphoreAcquireTimeout            0x08001251   Thumb Code    12  rtx_evr.o(.text)
    EvrRtxSemaphoreAcquired                  0x0800125d   Thumb Code    12  rtx_evr.o(.text)
    EvrRtxSemaphoreNotAcquired               0x08001269   Thumb Code    12  rtx_evr.o(.text)
    EvrRtxSemaphoreRelease                   0x08001275   Thumb Code    12  rtx_evr.o(.text)
    EvrRtxSemaphoreReleased                  0x08001281   Thumb Code    12  rtx_evr.o(.text)
    EvrRtxSemaphoreGetCount                  0x0800128d   Thumb Code    12  rtx_evr.o(.text)
    EvrRtxSemaphoreDelete                    0x08001299   Thumb Code    12  rtx_evr.o(.text)
    EvrRtxSemaphoreDestroyed                 0x080012a5   Thumb Code    12  rtx_evr.o(.text)
    EvrRtxMemoryPoolError                    0x080012b1   Thumb Code    12  rtx_evr.o(.text)
    EvrRtxMemoryPoolNew                      0x080012bd   Thumb Code    24  rtx_evr.o(.text)
    EvrRtxMemoryPoolCreated                  0x080012d5   Thumb Code    10  rtx_evr.o(.text)
    EvrRtxMemoryPoolGetName                  0x080012df   Thumb Code    10  rtx_evr.o(.text)
    EvrRtxMemoryPoolAlloc                    0x080012e9   Thumb Code    12  rtx_evr.o(.text)
    EvrRtxMemoryPoolAllocPending             0x080012f5   Thumb Code    12  rtx_evr.o(.text)
    EvrRtxMemoryPoolAllocTimeout             0x08001301   Thumb Code    12  rtx_evr.o(.text)
    EvrRtxMemoryPoolAllocated                0x0800130d   Thumb Code    12  rtx_evr.o(.text)
    EvrRtxMemoryPoolAllocFailed              0x08001319   Thumb Code    12  rtx_evr.o(.text)
    EvrRtxMemoryPoolFree                     0x08001325   Thumb Code    12  rtx_evr.o(.text)
    EvrRtxMemoryPoolDeallocated              0x08001331   Thumb Code    12  rtx_evr.o(.text)
    EvrRtxMemoryPoolFreeFailed               0x0800133d   Thumb Code    12  rtx_evr.o(.text)
    EvrRtxMemoryPoolGetCapacity              0x08001349   Thumb Code    12  rtx_evr.o(.text)
    EvrRtxMemoryPoolGetBlockSize             0x08001355   Thumb Code    12  rtx_evr.o(.text)
    EvrRtxMemoryPoolGetCount                 0x08001361   Thumb Code    12  rtx_evr.o(.text)
    EvrRtxMemoryPoolGetSpace                 0x0800136d   Thumb Code    12  rtx_evr.o(.text)
    EvrRtxMemoryPoolDelete                   0x08001379   Thumb Code    12  rtx_evr.o(.text)
    EvrRtxMemoryPoolDestroyed                0x08001385   Thumb Code    12  rtx_evr.o(.text)
    EvrRtxMessageQueueError                  0x08001391   Thumb Code    12  rtx_evr.o(.text)
    EvrRtxMessageQueueNew                    0x0800139d   Thumb Code    24  rtx_evr.o(.text)
    EvrRtxMessageQueueCreated                0x080013b5   Thumb Code    56  rtx_evr.o(.text)
    EvrRtxMessageQueueGetName                0x080013ed   Thumb Code    10  rtx_evr.o(.text)
    EvrRtxMessageQueuePut                    0x080013f7   Thumb Code    20  rtx_evr.o(.text)
    EvrRtxMessageQueuePutPending             0x0800140b   Thumb Code    22  rtx_evr.o(.text)
    EvrRtxMessageQueuePutTimeout             0x08001421   Thumb Code    12  rtx_evr.o(.text)
    EvrRtxMessageQueueInsertPending          0x0800142d   Thumb Code    12  rtx_evr.o(.text)
    EvrRtxMessageQueueInserted               0x08001439   Thumb Code    12  rtx_evr.o(.text)
    EvrRtxMessageQueueNotInserted            0x08001445   Thumb Code    12  rtx_evr.o(.text)
    EvrRtxMessageQueueGet                    0x08001451   Thumb Code    20  rtx_evr.o(.text)
    EvrRtxMessageQueueGetPending             0x08001465   Thumb Code    24  rtx_evr.o(.text)
    EvrRtxMessageQueueGetTimeout             0x0800147d   Thumb Code    12  rtx_evr.o(.text)
    EvrRtxMessageQueueRetrieved              0x08001489   Thumb Code    12  rtx_evr.o(.text)
    EvrRtxMessageQueueNotRetrieved           0x08001495   Thumb Code    12  rtx_evr.o(.text)
    EvrRtxMessageQueueGetCapacity            0x080014a1   Thumb Code    12  rtx_evr.o(.text)
    EvrRtxMessageQueueGetMsgSize             0x080014ad   Thumb Code    12  rtx_evr.o(.text)
    EvrRtxMessageQueueGetCount               0x080014b9   Thumb Code    12  rtx_evr.o(.text)
    EvrRtxMessageQueueGetSpace               0x080014c5   Thumb Code    12  rtx_evr.o(.text)
    EvrRtxMessageQueueReset                  0x080014d1   Thumb Code    12  rtx_evr.o(.text)
    EvrRtxMessageQueueResetDone              0x080014dd   Thumb Code    12  rtx_evr.o(.text)
    EvrRtxMessageQueueDelete                 0x080014e9   Thumb Code    12  rtx_evr.o(.text)
    EvrRtxMessageQueueDestroyed              0x080014f5   Thumb Code    12  rtx_evr.o(.text)
    osKernelInitialize                       0x08001963   Thumb Code    44  rtx_kernel.o(.text)
    osKernelGetInfo                          0x0800198f   Thumb Code    68  rtx_kernel.o(.text)
    osKernelGetState                         0x080019d3   Thumb Code    40  rtx_kernel.o(.text)
    osKernelStart                            0x080019fb   Thumb Code    40  rtx_kernel.o(.text)
    osKernelLock                             0x08001a23   Thumb Code    40  rtx_kernel.o(.text)
    osKernelUnlock                           0x08001a4b   Thumb Code    40  rtx_kernel.o(.text)
    osKernelRestoreLock                      0x08001a73   Thumb Code    46  rtx_kernel.o(.text)
    osKernelSuspend                          0x08001aa1   Thumb Code    38  rtx_kernel.o(.text)
    osKernelResume                           0x08001ac7   Thumb Code    44  rtx_kernel.o(.text)
    osKernelGetTickCount                     0x08001af3   Thumb Code    28  rtx_kernel.o(.text)
    osKernelGetTickFreq                      0x08001b0f   Thumb Code    28  rtx_kernel.o(.text)
    osKernelGetSysTimerCount                 0x08001b2b   Thumb Code    28  rtx_kernel.o(.text)
    osKernelGetSysTimerFreq                  0x08001b47   Thumb Code    28  rtx_kernel.o(.text)
    osRtxKernelPreInit                       0x08001bc1   Thumb Code    20  rtx_lib.o(.text)
    osRtxMemoryInit                          0x08001c51   Thumb Code    64  rtx_memory.o(.text)
    osRtxMemoryAlloc                         0x08001c91   Thumb Code   144  rtx_memory.o(.text)
    osRtxMemoryFree                          0x08001d21   Thumb Code    84  rtx_memory.o(.text)
    osRtxMemoryPoolInit                      0x08001d75   Thumb Code    72  rtx_mempool.o(.text)
    osRtxMemoryPoolAlloc                     0x08001dbd   Thumb Code    50  rtx_mempool.o(.text)
    osRtxMemoryPoolFree                      0x08001def   Thumb Code    70  rtx_mempool.o(.text)
    osMemoryPoolNew                          0x080021cf   Thumb Code    58  rtx_mempool.o(.text)
    osMemoryPoolGetName                      0x08002209   Thumb Code    38  rtx_mempool.o(.text)
    osMemoryPoolAlloc                        0x0800222f   Thumb Code    94  rtx_mempool.o(.text)
    osMemoryPoolFree                         0x0800228d   Thumb Code   104  rtx_mempool.o(.text)
    osMemoryPoolGetCapacity                  0x080022f5   Thumb Code    34  rtx_mempool.o(.text)
    osMemoryPoolGetBlockSize                 0x08002317   Thumb Code    34  rtx_mempool.o(.text)
    osMemoryPoolGetCount                     0x08002339   Thumb Code    72  rtx_mempool.o(.text)
    osMemoryPoolGetSpace                     0x08002381   Thumb Code    34  rtx_mempool.o(.text)
    osMemoryPoolDelete                       0x080023a3   Thumb Code    48  rtx_mempool.o(.text)
    osMessageQueueNew                        0x08002ae9   Thumb Code    58  rtx_msgqueue.o(.text)
    osMessageQueueGetName                    0x08002b23   Thumb Code    38  rtx_msgqueue.o(.text)
    osMessageQueuePut                        0x08002b49   Thumb Code   156  rtx_msgqueue.o(.text)
    osMessageQueueGet                        0x08002be5   Thumb Code   142  rtx_msgqueue.o(.text)
    osMessageQueueGetCapacity                0x08002c73   Thumb Code    34  rtx_msgqueue.o(.text)
    osMessageQueueGetMsgSize                 0x08002c95   Thumb Code    34  rtx_msgqueue.o(.text)
    osMessageQueueGetCount                   0x08002cb7   Thumb Code    34  rtx_msgqueue.o(.text)
    osMessageQueueGetSpace                   0x08002cd9   Thumb Code    34  rtx_msgqueue.o(.text)
    osMessageQueueReset                      0x08002cfb   Thumb Code    48  rtx_msgqueue.o(.text)
    osMessageQueueDelete                     0x08002d2b   Thumb Code    48  rtx_msgqueue.o(.text)
    osRtxMutexOwnerRelease                   0x08002da9   Thumb Code    88  rtx_mutex.o(.text)
    osMutexNew                               0x0800316d   Thumb Code    46  rtx_mutex.o(.text)
    osMutexGetName                           0x0800319b   Thumb Code    38  rtx_mutex.o(.text)
    osMutexAcquire                           0x080031c1   Thumb Code    54  rtx_mutex.o(.text)
    osMutexRelease                           0x080031f7   Thumb Code    48  rtx_mutex.o(.text)
    osMutexGetOwner                          0x08003227   Thumb Code    60  rtx_mutex.o(.text)
    osMutexDelete                            0x08003263   Thumb Code    48  rtx_mutex.o(.text)
    osRtxTick_Handler                        0x08003315   Thumb Code   120  rtx_system.o(.text)
    osRtxPendSV_Handler                      0x0800338d   Thumb Code    74  rtx_system.o(.text)
    osRtxPostProcess                         0x080033d7   Thumb Code    46  rtx_system.o(.text)
    osRtxThreadListPut                       0x08003447   Thumb Code    38  rtx_thread.o(.text)
    osRtxThreadListGet                       0x0800346d   Thumb Code    22  rtx_thread.o(.text)
    osRtxThreadListRemove                    0x0800348f   Thumb Code    24  rtx_thread.o(.text)
    osRtxThreadListSort                      0x080034a7   Thumb Code    42  rtx_thread.o(.text)
    osRtxThreadReadyPut                      0x080034ef   Thumb Code    10  rtx_thread.o(.text)
    osRtxThreadRegPtr                        0x080035a1   Thumb Code    20  rtx_thread.o(.text)
    osRtxThreadDelayTick                     0x080035b5   Thumb Code   194  rtx_thread.o(.text)
    osRtxThreadStackCheck                    0x080036a5   Thumb Code    34  rtx_thread.o(.text)
    osRtxThreadSwitch                        0x080036c7   Thumb Code    28  rtx_thread.o(.text)
    osRtxThreadDispatch                      0x080036e3   Thumb Code   100  rtx_thread.o(.text)
    osRtxThreadWaitExit                      0x08003747   Thumb Code    48  rtx_thread.o(.text)
    osRtxThreadWaitEnter                     0x08003777   Thumb Code    62  rtx_thread.o(.text)
    osThreadExit                             0x080038b1   Thumb Code    22  rtx_thread.o(.text)
    osRtxThreadStartup                       0x08004169   Thumb Code    46  rtx_thread.o(.text)
    osThreadNew                              0x08004197   Thumb Code    76  rtx_thread.o(.text)
    osThreadGetName                          0x080041e3   Thumb Code    38  rtx_thread.o(.text)
    osThreadGetId                            0x08004209   Thumb Code    28  rtx_thread.o(.text)
    osThreadGetState                         0x08004225   Thumb Code    42  rtx_thread.o(.text)
    osThreadGetStackSize                     0x0800424f   Thumb Code    38  rtx_thread.o(.text)
    osThreadGetStackSpace                    0x08004275   Thumb Code    38  rtx_thread.o(.text)
    osThreadSetPriority                      0x0800429b   Thumb Code    54  rtx_thread.o(.text)
    osThreadGetPriority                      0x080042d1   Thumb Code    42  rtx_thread.o(.text)
    osThreadYield                            0x080042fb   Thumb Code    42  rtx_thread.o(.text)
    osThreadSuspend                          0x08004325   Thumb Code    48  rtx_thread.o(.text)
    osThreadResume                           0x08004355   Thumb Code    48  rtx_thread.o(.text)
    osThreadDetach                           0x08004385   Thumb Code    48  rtx_thread.o(.text)
    osThreadJoin                             0x080043b5   Thumb Code    48  rtx_thread.o(.text)
    osThreadTerminate                        0x080043e5   Thumb Code    48  rtx_thread.o(.text)
    osThreadGetCount                         0x08004415   Thumb Code    32  rtx_thread.o(.text)
    osThreadEnumerate                        0x08004435   Thumb Code    44  rtx_thread.o(.text)
    osThreadFlagsSet                         0x08004461   Thumb Code   112  rtx_thread.o(.text)
    osThreadFlagsClear                       0x080044d1   Thumb Code    48  rtx_thread.o(.text)
    osThreadFlagsGet                         0x08004501   Thumb Code    32  rtx_thread.o(.text)
    osThreadFlagsWait                        0x08004521   Thumb Code    60  rtx_thread.o(.text)
    osRtxTimerThread                         0x08004689   Thumb Code    58  rtx_timer.o(.text)
    osTimerNew                               0x080048cd   Thumb Code    66  rtx_timer.o(.text)
    osTimerGetName                           0x0800490f   Thumb Code    38  rtx_timer.o(.text)
    osTimerStart                             0x08004935   Thumb Code    54  rtx_timer.o(.text)
    osTimerStop                              0x0800496b   Thumb Code    48  rtx_timer.o(.text)
    osTimerIsRunning                         0x0800499b   Thumb Code    68  rtx_timer.o(.text)
    osTimerDelete                            0x080049df   Thumb Code    48  rtx_timer.o(.text)
    OS_Tick_Setup                            0x08004a39   Thumb Code    58  os_systick.o(.text)
    OS_Tick_Enable                           0x08004a73   Thumb Code    36  os_systick.o(.text)
    OS_Tick_Disable                          0x08004a97   Thumb Code    36  os_systick.o(.text)
    OS_Tick_AcknowledgeIRQ                   0x08004abb   Thumb Code     8  os_systick.o(.text)
    OS_Tick_GetIRQn                          0x08004ac3   Thumb Code     6  os_systick.o(.text)
    OS_Tick_GetClock                         0x08004ac9   Thumb Code     6  os_systick.o(.text)
    OS_Tick_GetInterval                      0x08004acf   Thumb Code    10  os_systick.o(.text)
    OS_Tick_GetCount                         0x08004ad9   Thumb Code    12  os_systick.o(.text)
    OS_Tick_GetOverflow                      0x08004ae5   Thumb Code    12  os_systick.o(.text)
    osRtxIdleThread                          0x08004afd   Thumb Code     2  rtx_config.o(.text)
    osRtxErrorNotify                         0x08004aff   Thumb Code     2  rtx_config.o(.text)
    EventRecorderTimerGetCount               0x08004bab   Thumb Code     6  eventrecorder.o(.text)
    EventRecorderTimerSetup                  0x08004c1b   Thumb Code    24  eventrecorder.o(.text)
    EventRecorderTimerGetFreq                0x08004c33   Thumb Code     6  eventrecorder.o(.text)
    EventRecorderStart                       0x08004c39   Thumb Code    40  eventrecorder.o(.text)
    EventRecorderEnable                      0x08004c61   Thumb Code    88  eventrecorder.o(.text)
    EventRecorderInitialize                  0x08004cb9   Thumb Code   228  eventrecorder.o(.text)
    EventRecorderDisable                     0x08004d9d   Thumb Code    84  eventrecorder.o(.text)
    EventRecorderStop                        0x08004df1   Thumb Code    42  eventrecorder.o(.text)
    EventRecorderClockUpdate                 0x08004e1b   Thumb Code    34  eventrecorder.o(.text)
    EventRecordData                          0x08004e3d   Thumb Code   298  eventrecorder.o(.text)
    EventRecord2                             0x08004f67   Thumb Code    60  eventrecorder.o(.text)
    EventRecord4                             0x08004fa3   Thumb Code   106  eventrecorder.o(.text)
    HAL_MspInit                              0x08005039   Thumb Code     2  stm32f4xx_hal.o(.text)
    HAL_InitTick                             0x0800503b   Thumb Code    58  stm32f4xx_hal.o(.text)
    HAL_Init                                 0x08005075   Thumb Code    48  stm32f4xx_hal.o(.text)
    HAL_MspDeInit                            0x080050a5   Thumb Code     2  stm32f4xx_hal.o(.text)
    HAL_DeInit                               0x080050a7   Thumb Code    48  stm32f4xx_hal.o(.text)
    HAL_IncTick                              0x080050d7   Thumb Code    12  stm32f4xx_hal.o(.text)
    HAL_GetTickPrio                          0x080050e9   Thumb Code     6  stm32f4xx_hal.o(.text)
    HAL_SetTickFreq                          0x080050ef   Thumb Code    24  stm32f4xx_hal.o(.text)
    HAL_GetTickFreq                          0x08005107   Thumb Code     6  stm32f4xx_hal.o(.text)
    HAL_Delay                                0x0800510d   Thumb Code    32  stm32f4xx_hal.o(.text)
    HAL_SuspendTick                          0x0800512d   Thumb Code    14  stm32f4xx_hal.o(.text)
    HAL_ResumeTick                           0x0800513b   Thumb Code    14  stm32f4xx_hal.o(.text)
    HAL_GetHalVersion                        0x08005149   Thumb Code     4  stm32f4xx_hal.o(.text)
    HAL_GetREVID                             0x0800514d   Thumb Code     8  stm32f4xx_hal.o(.text)
    HAL_GetDEVID                             0x08005155   Thumb Code    10  stm32f4xx_hal.o(.text)
    HAL_DBGMCU_EnableDBGSleepMode            0x0800515f   Thumb Code    12  stm32f4xx_hal.o(.text)
    HAL_DBGMCU_DisableDBGSleepMode           0x0800516b   Thumb Code    12  stm32f4xx_hal.o(.text)
    HAL_DBGMCU_EnableDBGStopMode             0x08005177   Thumb Code    12  stm32f4xx_hal.o(.text)
    HAL_DBGMCU_DisableDBGStopMode            0x08005183   Thumb Code    12  stm32f4xx_hal.o(.text)
    HAL_DBGMCU_EnableDBGStandbyMode          0x0800518f   Thumb Code    12  stm32f4xx_hal.o(.text)
    HAL_DBGMCU_DisableDBGStandbyMode         0x0800519b   Thumb Code    12  stm32f4xx_hal.o(.text)
    HAL_EnableCompensationCell               0x080051a7   Thumb Code     8  stm32f4xx_hal.o(.text)
    HAL_DisableCompensationCell              0x080051af   Thumb Code     8  stm32f4xx_hal.o(.text)
    HAL_GetUIDw0                             0x080051b7   Thumb Code     6  stm32f4xx_hal.o(.text)
    HAL_GetUIDw1                             0x080051bd   Thumb Code     8  stm32f4xx_hal.o(.text)
    HAL_GetUIDw2                             0x080051c5   Thumb Code     8  stm32f4xx_hal.o(.text)
    HAL_NVIC_SetPriorityGrouping             0x080051ed   Thumb Code    26  stm32f4xx_hal_cortex.o(.text)
    HAL_NVIC_SetPriority                     0x08005207   Thumb Code    60  stm32f4xx_hal_cortex.o(.text)
    HAL_NVIC_EnableIRQ                       0x08005243   Thumb Code    26  stm32f4xx_hal_cortex.o(.text)
    HAL_NVIC_DisableIRQ                      0x0800525d   Thumb Code    34  stm32f4xx_hal_cortex.o(.text)
    HAL_NVIC_SystemReset                     0x0800527f   Thumb Code    28  stm32f4xx_hal_cortex.o(.text)
    HAL_SYSTICK_Config                       0x0800529b   Thumb Code    40  stm32f4xx_hal_cortex.o(.text)
    HAL_MPU_Disable                          0x080052c3   Thumb Code    26  stm32f4xx_hal_cortex.o(.text)
    HAL_MPU_Enable                           0x080052dd   Thumb Code    32  stm32f4xx_hal_cortex.o(.text)
    HAL_MPU_ConfigRegion                     0x080052fd   Thumb Code    84  stm32f4xx_hal_cortex.o(.text)
    HAL_NVIC_GetPriorityGrouping             0x08005351   Thumb Code    10  stm32f4xx_hal_cortex.o(.text)
    HAL_NVIC_GetPriority                     0x0800535b   Thumb Code    86  stm32f4xx_hal_cortex.o(.text)
    HAL_NVIC_SetPendingIRQ                   0x080053b1   Thumb Code    26  stm32f4xx_hal_cortex.o(.text)
    HAL_NVIC_GetPendingIRQ                   0x080053cb   Thumb Code    40  stm32f4xx_hal_cortex.o(.text)
    HAL_NVIC_ClearPendingIRQ                 0x080053f3   Thumb Code    26  stm32f4xx_hal_cortex.o(.text)
    HAL_NVIC_GetActive                       0x0800540d   Thumb Code    40  stm32f4xx_hal_cortex.o(.text)
    HAL_SYSTICK_CLKSourceConfig              0x08005435   Thumb Code    28  stm32f4xx_hal_cortex.o(.text)
    HAL_SYSTICK_Callback                     0x08005451   Thumb Code     2  stm32f4xx_hal_cortex.o(.text)
    HAL_SYSTICK_IRQHandler                   0x08005453   Thumb Code     8  stm32f4xx_hal_cortex.o(.text)
    HAL_GPIO_Init                            0x08005485   Thumb Code   406  stm32f4xx_hal_gpio.o(.text)
    HAL_GPIO_DeInit                          0x0800561b   Thumb Code   250  stm32f4xx_hal_gpio.o(.text)
    HAL_GPIO_ReadPin                         0x08005715   Thumb Code    14  stm32f4xx_hal_gpio.o(.text)
    HAL_GPIO_WritePin                        0x08005723   Thumb Code    14  stm32f4xx_hal_gpio.o(.text)
    HAL_GPIO_TogglePin                       0x08005731   Thumb Code    18  stm32f4xx_hal_gpio.o(.text)
    HAL_GPIO_LockPin                         0x08005743   Thumb Code    36  stm32f4xx_hal_gpio.o(.text)
    HAL_GPIO_EXTI_Callback                   0x08005767   Thumb Code     2  stm32f4xx_hal_gpio.o(.text)
    HAL_GPIO_EXTI_IRQHandler                 0x08005769   Thumb Code    20  stm32f4xx_hal_gpio.o(.text)
    HAL_RCC_OscConfig                        0x080057ad   Thumb Code   896  stm32f4xx_hal_rcc.o(.text)
    HAL_RCC_GetSysClockFreq                  0x08005b2d   Thumb Code    96  stm32f4xx_hal_rcc.o(.text)
    HAL_RCC_ClockConfig                      0x08005b8d   Thumb Code   334  stm32f4xx_hal_rcc.o(.text)
    HAL_RCC_MCOConfig                        0x08005cdb   Thumb Code   130  stm32f4xx_hal_rcc.o(.text)
    HAL_RCC_EnableCSS                        0x08005d5d   Thumb Code     8  stm32f4xx_hal_rcc.o(.text)
    HAL_RCC_DisableCSS                       0x08005d65   Thumb Code     8  stm32f4xx_hal_rcc.o(.text)
    HAL_RCC_GetHCLKFreq                      0x08005d6d   Thumb Code     6  stm32f4xx_hal_rcc.o(.text)
    HAL_RCC_GetPCLK1Freq                     0x08005d73   Thumb Code    22  stm32f4xx_hal_rcc.o(.text)
    HAL_RCC_GetPCLK2Freq                     0x08005d89   Thumb Code    22  stm32f4xx_hal_rcc.o(.text)
    HAL_RCC_GetOscConfig                     0x08005d9f   Thumb Code   178  stm32f4xx_hal_rcc.o(.text)
    HAL_RCC_GetClockConfig                   0x08005e51   Thumb Code    52  stm32f4xx_hal_rcc.o(.text)
    HAL_RCC_CSSCallback                      0x08005e85   Thumb Code     2  stm32f4xx_hal_rcc.o(.text)
    HAL_RCC_NMI_IRQHandler                   0x08005e87   Thumb Code    26  stm32f4xx_hal_rcc.o(.text)
    Reset_Handler                            0x08005ec1   Thumb Code     8  startup_stm32f407xx.o(.text)
    NMI_Handler                              0x08005ec9   Thumb Code     2  startup_stm32f407xx.o(.text)
    HardFault_Handler                        0x08005ecb   Thumb Code     2  startup_stm32f407xx.o(.text)
    MemManage_Handler                        0x08005ecd   Thumb Code     2  startup_stm32f407xx.o(.text)
    BusFault_Handler                         0x08005ecf   Thumb Code     2  startup_stm32f407xx.o(.text)
    UsageFault_Handler                       0x08005ed1   Thumb Code     2  startup_stm32f407xx.o(.text)
    DebugMon_Handler                         0x08005ed5   Thumb Code     2  startup_stm32f407xx.o(.text)
    ADC_IRQHandler                           0x08005edb   Thumb Code     0  startup_stm32f407xx.o(.text)
    CAN1_RX0_IRQHandler                      0x08005edb   Thumb Code     0  startup_stm32f407xx.o(.text)
    CAN1_RX1_IRQHandler                      0x08005edb   Thumb Code     0  startup_stm32f407xx.o(.text)
    CAN1_SCE_IRQHandler                      0x08005edb   Thumb Code     0  startup_stm32f407xx.o(.text)
    CAN1_TX_IRQHandler                       0x08005edb   Thumb Code     0  startup_stm32f407xx.o(.text)
    CAN2_RX0_IRQHandler                      0x08005edb   Thumb Code     0  startup_stm32f407xx.o(.text)
    CAN2_RX1_IRQHandler                      0x08005edb   Thumb Code     0  startup_stm32f407xx.o(.text)
    CAN2_SCE_IRQHandler                      0x08005edb   Thumb Code     0  startup_stm32f407xx.o(.text)
    CAN2_TX_IRQHandler                       0x08005edb   Thumb Code     0  startup_stm32f407xx.o(.text)
    DCMI_IRQHandler                          0x08005edb   Thumb Code     0  startup_stm32f407xx.o(.text)
    DMA1_Stream0_IRQHandler                  0x08005edb   Thumb Code     0  startup_stm32f407xx.o(.text)
    DMA1_Stream1_IRQHandler                  0x08005edb   Thumb Code     0  startup_stm32f407xx.o(.text)
    DMA1_Stream2_IRQHandler                  0x08005edb   Thumb Code     0  startup_stm32f407xx.o(.text)
    DMA1_Stream3_IRQHandler                  0x08005edb   Thumb Code     0  startup_stm32f407xx.o(.text)
    DMA1_Stream4_IRQHandler                  0x08005edb   Thumb Code     0  startup_stm32f407xx.o(.text)
    DMA1_Stream5_IRQHandler                  0x08005edb   Thumb Code     0  startup_stm32f407xx.o(.text)
    DMA1_Stream6_IRQHandler                  0x08005edb   Thumb Code     0  startup_stm32f407xx.o(.text)
    DMA1_Stream7_IRQHandler                  0x08005edb   Thumb Code     0  startup_stm32f407xx.o(.text)
    DMA2_Stream0_IRQHandler                  0x08005edb   Thumb Code     0  startup_stm32f407xx.o(.text)
    DMA2_Stream1_IRQHandler                  0x08005edb   Thumb Code     0  startup_stm32f407xx.o(.text)
    DMA2_Stream2_IRQHandler                  0x08005edb   Thumb Code     0  startup_stm32f407xx.o(.text)
    DMA2_Stream3_IRQHandler                  0x08005edb   Thumb Code     0  startup_stm32f407xx.o(.text)
    DMA2_Stream4_IRQHandler                  0x08005edb   Thumb Code     0  startup_stm32f407xx.o(.text)
    DMA2_Stream5_IRQHandler                  0x08005edb   Thumb Code     0  startup_stm32f407xx.o(.text)
    DMA2_Stream6_IRQHandler                  0x08005edb   Thumb Code     0  startup_stm32f407xx.o(.text)
    DMA2_Stream7_IRQHandler                  0x08005edb   Thumb Code     0  startup_stm32f407xx.o(.text)
    ETH_IRQHandler                           0x08005edb   Thumb Code     0  startup_stm32f407xx.o(.text)
    ETH_WKUP_IRQHandler                      0x08005edb   Thumb Code     0  startup_stm32f407xx.o(.text)
    EXTI0_IRQHandler                         0x08005edb   Thumb Code     0  startup_stm32f407xx.o(.text)
    EXTI15_10_IRQHandler                     0x08005edb   Thumb Code     0  startup_stm32f407xx.o(.text)
    EXTI1_IRQHandler                         0x08005edb   Thumb Code     0  startup_stm32f407xx.o(.text)
    EXTI2_IRQHandler                         0x08005edb   Thumb Code     0  startup_stm32f407xx.o(.text)
    EXTI3_IRQHandler                         0x08005edb   Thumb Code     0  startup_stm32f407xx.o(.text)
    EXTI4_IRQHandler                         0x08005edb   Thumb Code     0  startup_stm32f407xx.o(.text)
    EXTI9_5_IRQHandler                       0x08005edb   Thumb Code     0  startup_stm32f407xx.o(.text)
    FLASH_IRQHandler                         0x08005edb   Thumb Code     0  startup_stm32f407xx.o(.text)
    FMC_IRQHandler                           0x08005edb   Thumb Code     0  startup_stm32f407xx.o(.text)
    FPU_IRQHandler                           0x08005edb   Thumb Code     0  startup_stm32f407xx.o(.text)
    HASH_RNG_IRQHandler                      0x08005edb   Thumb Code     0  startup_stm32f407xx.o(.text)
    I2C1_ER_IRQHandler                       0x08005edb   Thumb Code     0  startup_stm32f407xx.o(.text)
    I2C1_EV_IRQHandler                       0x08005edb   Thumb Code     0  startup_stm32f407xx.o(.text)
    I2C2_ER_IRQHandler                       0x08005edb   Thumb Code     0  startup_stm32f407xx.o(.text)
    I2C2_EV_IRQHandler                       0x08005edb   Thumb Code     0  startup_stm32f407xx.o(.text)
    I2C3_ER_IRQHandler                       0x08005edb   Thumb Code     0  startup_stm32f407xx.o(.text)
    I2C3_EV_IRQHandler                       0x08005edb   Thumb Code     0  startup_stm32f407xx.o(.text)
    OTG_FS_IRQHandler                        0x08005edb   Thumb Code     0  startup_stm32f407xx.o(.text)
    OTG_FS_WKUP_IRQHandler                   0x08005edb   Thumb Code     0  startup_stm32f407xx.o(.text)
    OTG_HS_EP1_IN_IRQHandler                 0x08005edb   Thumb Code     0  startup_stm32f407xx.o(.text)
    OTG_HS_EP1_OUT_IRQHandler                0x08005edb   Thumb Code     0  startup_stm32f407xx.o(.text)
    OTG_HS_IRQHandler                        0x08005edb   Thumb Code     0  startup_stm32f407xx.o(.text)
    OTG_HS_WKUP_IRQHandler                   0x08005edb   Thumb Code     0  startup_stm32f407xx.o(.text)
    PVD_IRQHandler                           0x08005edb   Thumb Code     0  startup_stm32f407xx.o(.text)
    RCC_IRQHandler                           0x08005edb   Thumb Code     0  startup_stm32f407xx.o(.text)
    RTC_Alarm_IRQHandler                     0x08005edb   Thumb Code     0  startup_stm32f407xx.o(.text)
    RTC_WKUP_IRQHandler                      0x08005edb   Thumb Code     0  startup_stm32f407xx.o(.text)
    SDIO_IRQHandler                          0x08005edb   Thumb Code     0  startup_stm32f407xx.o(.text)
    SPI1_IRQHandler                          0x08005edb   Thumb Code     0  startup_stm32f407xx.o(.text)
    SPI2_IRQHandler                          0x08005edb   Thumb Code     0  startup_stm32f407xx.o(.text)
    SPI3_IRQHandler                          0x08005edb   Thumb Code     0  startup_stm32f407xx.o(.text)
    TAMP_STAMP_IRQHandler                    0x08005edb   Thumb Code     0  startup_stm32f407xx.o(.text)
    TIM1_BRK_TIM9_IRQHandler                 0x08005edb   Thumb Code     0  startup_stm32f407xx.o(.text)
    TIM1_CC_IRQHandler                       0x08005edb   Thumb Code     0  startup_stm32f407xx.o(.text)
    TIM1_TRG_COM_TIM11_IRQHandler            0x08005edb   Thumb Code     0  startup_stm32f407xx.o(.text)
    TIM1_UP_TIM10_IRQHandler                 0x08005edb   Thumb Code     0  startup_stm32f407xx.o(.text)
    TIM2_IRQHandler                          0x08005edb   Thumb Code     0  startup_stm32f407xx.o(.text)
    TIM3_IRQHandler                          0x08005edb   Thumb Code     0  startup_stm32f407xx.o(.text)
    TIM4_IRQHandler                          0x08005edb   Thumb Code     0  startup_stm32f407xx.o(.text)
    TIM5_IRQHandler                          0x08005edb   Thumb Code     0  startup_stm32f407xx.o(.text)
    TIM6_DAC_IRQHandler                      0x08005edb   Thumb Code     0  startup_stm32f407xx.o(.text)
    TIM7_IRQHandler                          0x08005edb   Thumb Code     0  startup_stm32f407xx.o(.text)
    TIM8_BRK_TIM12_IRQHandler                0x08005edb   Thumb Code     0  startup_stm32f407xx.o(.text)
    TIM8_CC_IRQHandler                       0x08005edb   Thumb Code     0  startup_stm32f407xx.o(.text)
    TIM8_TRG_COM_TIM14_IRQHandler            0x08005edb   Thumb Code     0  startup_stm32f407xx.o(.text)
    TIM8_UP_TIM13_IRQHandler                 0x08005edb   Thumb Code     0  startup_stm32f407xx.o(.text)
    UART4_IRQHandler                         0x08005edb   Thumb Code     0  startup_stm32f407xx.o(.text)
    UART5_IRQHandler                         0x08005edb   Thumb Code     0  startup_stm32f407xx.o(.text)
    USART1_IRQHandler                        0x08005edb   Thumb Code     0  startup_stm32f407xx.o(.text)
    USART2_IRQHandler                        0x08005edb   Thumb Code     0  startup_stm32f407xx.o(.text)
    USART3_IRQHandler                        0x08005edb   Thumb Code     0  startup_stm32f407xx.o(.text)
    USART6_IRQHandler                        0x08005edb   Thumb Code     0  startup_stm32f407xx.o(.text)
    WWDG_IRQHandler                          0x08005edb   Thumb Code     0  startup_stm32f407xx.o(.text)
    SystemInit                               0x08005ee5   Thumb Code    66  system_stm32f4xx.o(.text)
    SystemCoreClockUpdate                    0x08005f27   Thumb Code   120  system_stm32f4xx.o(.text)
    __aeabi_uldivmod                         0x08005fbd   Thumb Code    98  uldiv.o(.text)
    __aeabi_memcpy                           0x0800601f   Thumb Code    36  memcpya.o(.text)
    __aeabi_memcpy4                          0x0800601f   Thumb Code     0  memcpya.o(.text)
    __aeabi_memcpy8                          0x0800601f   Thumb Code     0  memcpya.o(.text)
    __aeabi_memset                           0x08006043   Thumb Code    14  memseta.o(.text)
    __aeabi_memset4                          0x08006043   Thumb Code     0  memseta.o(.text)
    __aeabi_memset8                          0x08006043   Thumb Code     0  memseta.o(.text)
    __aeabi_memclr                           0x08006051   Thumb Code     4  memseta.o(.text)
    __aeabi_memclr4                          0x08006051   Thumb Code     0  memseta.o(.text)
    __aeabi_memclr8                          0x08006051   Thumb Code     0  memseta.o(.text)
    _memset$wrapper                          0x08006055   Thumb Code    18  memseta.o(.text)
    __aeabi_llsl                             0x08006067   Thumb Code    30  llshl.o(.text)
    _ll_shift_l                              0x08006067   Thumb Code     0  llshl.o(.text)
    __aeabi_llsr                             0x08006085   Thumb Code    32  llushr.o(.text)
    _ll_ushift_r                             0x08006085   Thumb Code     0  llushr.o(.text)
    __scatterload                            0x080060a5   Thumb Code    28  init.o(.text)
    __scatterload_rt2                        0x080060a5   Thumb Code     0  init.o(.text)
    __decompress                             0x080060c9   Thumb Code     0  __dczerorl.o(.text)
    __decompress0                            0x080060c9   Thumb Code    58  __dczerorl.o(.text)
    __scatterload_copy                       0x08006103   Thumb Code    14  handlers.o(i.__scatterload_copy)
    __scatterload_null                       0x08006111   Thumb Code     2  handlers.o(i.__scatterload_null)
    __scatterload_zeroinit                   0x08006113   Thumb Code    14  handlers.o(i.__scatterload_zeroinit)
    osRtxUserSVC                             0x080061a0   Data           4  rtx_lib.o(.constdata)
    EventRecorderInfo                        0x080061a4   Data          24  eventrecorder.o(.constdata)
    AHBPrescTable                            0x080061bc   Data          16  system_stm32f4xx.o(.constdata)
    APBPrescTable                            0x080061cc   Data           8  system_stm32f4xx.o(.constdata)
    osRtxConfig                              0x080061e0   Data         104  rtx_lib.o(.rodata)
    os_cb_sections                           0x08006248   Data          56  rtx_lib.o(.rodata)
    Region$$Table$$Base                      0x08006280   Number         0  anon$$obj.o(Region$$Table)
    Region$$Table$$Limit                     0x080062a0   Number         0  anon$$obj.o(Region$$Table)
    .bss.os.msgqueue.cb$$Base                0x20001040   Number         0  rtx_lib.o(.bss.os.msgqueue.cb)
    .bss.os.msgqueue.cb$$Limit               0x20001074   Number         0  rtx_lib.o(.bss.os.msgqueue.cb)
    .bss.os.thread.cb$$Base                  0x200010c4   Number         0  rtx_lib.o(.bss.os.thread.cb)
    .bss.os.thread.cb$$Limit                 0x2000114c   Number         0  rtx_lib.o(.bss.os.thread.cb)
    uwTickFreq                               0x20001360   Data           1  stm32f4xx_hal.o(.data)
    uwTickPrio                               0x20001364   Data           4  stm32f4xx_hal.o(.data)
    uwTick                                   0x20001368   Data           4  stm32f4xx_hal.o(.data)
    SystemCoreClock                          0x2000136c   Data           4  system_stm32f4xx.o(.data)
    osRtxInfo                                0x20001370   Data         164  rtx_kernel.o(.data.os)
    __initial_sp                             0x20001818   Data           0  startup_stm32f407xx.o(STACK)



==============================================================================

Memory Map of the image

  Image Entry point : 0x08000189

  Load Region LR_IROM1 (Base: 0x08000000, Size: 0x000076b4, Max: 0x00100000, ABSOLUTE, COMPRESSED[0x000062dc])

    Execution Region ER_IROM1 (Exec base: 0x08000000, Load base: 0x08000000, Size: 0x000062a0, Max: 0x00100000, ABSOLUTE)

    Exec Addr    Load Addr    Size         Type   Attr      Idx    E Section Name        Object

    0x08000000   0x08000000   0x00000188   Data   RO          935    RESET               startup_stm32f407xx.o
    0x08000188   0x08000188   0x00000000   Code   RO          972  * .ARM.Collect$$$$00000000  mc_w.l(entry.o)
    0x08000188   0x08000188   0x00000004   Code   RO          983    .ARM.Collect$$$$00000001  mc_w.l(entry2.o)
    0x0800018c   0x0800018c   0x00000004   Code   RO          986    .ARM.Collect$$$$00000004  mc_w.l(entry5.o)
    0x08000190   0x08000190   0x00000000   Code   RO          988    .ARM.Collect$$$$00000008  mc_w.l(entry7b.o)
    0x08000190   0x08000190   0x00000000   Code   RO          990    .ARM.Collect$$$$0000000A  mc_w.l(entry8b.o)
    0x08000190   0x08000190   0x00000008   Code   RO          991    .ARM.Collect$$$$0000000B  mc_w.l(entry9a.o)
    0x08000198   0x08000198   0x00000000   Code   RO          993    .ARM.Collect$$$$0000000D  mc_w.l(entry10a.o)
    0x08000198   0x08000198   0x00000000   Code   RO          995    .ARM.Collect$$$$0000000F  mc_w.l(entry11a.o)
    0x08000198   0x08000198   0x00000004   Code   RO          984    .ARM.Collect$$$$00002712  mc_w.l(entry2.o)
    0x0800019c   0x0800019c   0x00000148   Code   RO          450    .emb_text           rtx_mempool.o
    0x080002e4   0x080002e4   0x00000148   Code   RO          481    .emb_text           rtx_msgqueue.o
    0x0800042c   0x0800042c   0x00000148   Code   RO          577    .emb_text           rtx_system.o
    0x08000574   0x08000574   0x00000148   Code   RO          611    .emb_text           rtx_thread.o
    0x080006bc   0x080006bc   0x00000074   Code   RO          726    .emb_text           eventrecorder.o
    0x08000730   0x08000730   0x00000110   Code   RO            4    .text               main.o
    0x08000840   0x08000840   0x000000a0   Code   RO          112    .text               blinky.o
    0x080008e0   0x080008e0   0x00000060   Code   RO          138    .text               buttons_f4discovery.o
    0x08000940   0x08000940   0x000000c8   Code   RO          162    .text               led_f4discovery.o
    0x08000a08   0x08000a08   0x000000c4   Code   RO          186    .text               irq_cm4f.o
    0x08000acc   0x08000acc   0x000000ec   Code   RO          194    .text               rtx_delay.o
    0x08000bb8   0x08000bb8   0x00000950   Code   RO          292    .text               rtx_evr.o
    0x08001508   0x08001508   0x000006b8   Code   RO          320    .text               rtx_kernel.o
    0x08001bc0   0x08001bc0   0x00000090   Code   RO          368    .text               rtx_lib.o
    0x08001c50   0x08001c50   0x00000124   Code   RO          417    .text               rtx_memory.o
    0x08001d74   0x08001d74   0x00000688   Code   RO          451    .text               rtx_mempool.o
    0x080023fc   0x080023fc   0x000009ac   Code   RO          482    .text               rtx_msgqueue.o
    0x08002da8   0x08002da8   0x00000514   Code   RO          516    .text               rtx_mutex.o
    0x080032bc   0x080032bc   0x00000150   Code   RO          578    .text               rtx_system.o
    0x0800340c   0x0800340c   0x000011c0   Code   RO          612    .text               rtx_thread.o
    0x080045cc   0x080045cc   0x0000046c   Code   RO          646    .text               rtx_timer.o
    0x08004a38   0x08004a38   0x000000c4   Code   RO          676    .text               os_systick.o
    0x08004afc   0x08004afc   0x00000004   Code   RO          702    .text               rtx_config.o
    0x08004b00   0x08004b00   0x00000538   Code   RO          727    .text               eventrecorder.o
    0x08005038   0x08005038   0x000001b4   Code   RO          761    .text               stm32f4xx_hal.o
    0x080051ec   0x080051ec   0x00000298   Code   RO          788    .text               stm32f4xx_hal_cortex.o
    0x08005484   0x08005484   0x00000324   Code   RO          816    .text               stm32f4xx_hal_gpio.o
    0x080057a8   0x080057a8   0x00000718   Code   RO          888    .text               stm32f4xx_hal_rcc.o
    0x08005ec0   0x08005ec0   0x00000024   Code   RO          936    .text               startup_stm32f407xx.o
    0x08005ee4   0x08005ee4   0x000000d8   Code   RO          943    .text               system_stm32f4xx.o
    0x08005fbc   0x08005fbc   0x00000062   Code   RO          975    .text               mc_w.l(uldiv.o)
    0x0800601e   0x0800601e   0x00000024   Code   RO          977    .text               mc_w.l(memcpya.o)
    0x08006042   0x08006042   0x00000024   Code   RO          979    .text               mc_w.l(memseta.o)
    0x08006066   0x08006066   0x0000001e   Code   RO          997    .text               mc_w.l(llshl.o)
    0x08006084   0x08006084   0x00000020   Code   RO          999    .text               mc_w.l(llushr.o)
    0x080060a4   0x080060a4   0x00000024   Code   RO         1001    .text               mc_w.l(init.o)
    0x080060c8   0x080060c8   0x0000003a   Code   RO         1011    .text               mc_w.l(__dczerorl.o)
    0x08006102   0x08006102   0x0000000e   Code   RO         1005    i.__scatterload_copy  mc_w.l(handlers.o)
    0x08006110   0x08006110   0x00000002   Code   RO         1006    i.__scatterload_null  mc_w.l(handlers.o)
    0x08006112   0x08006112   0x0000000e   Code   RO         1007    i.__scatterload_zeroinit  mc_w.l(handlers.o)
    0x08006120   0x08006120   0x00000020   Data   RO          163    .constdata          led_f4discovery.o
    0x08006140   0x08006140   0x00000024   Data   RO          377    .constdata          rtx_lib.o
    0x08006164   0x08006164   0x00000024   Data   RO          378    .constdata          rtx_lib.o
    0x08006188   0x08006188   0x00000018   Data   RO          379    .constdata          rtx_lib.o
    0x080061a0   0x080061a0   0x00000004   Data   RO          380    .constdata          rtx_lib.o
    0x080061a4   0x080061a4   0x00000018   Data   RO          729    .constdata          eventrecorder.o
    0x080061bc   0x080061bc   0x00000010   Data   RO          944    .constdata          system_stm32f4xx.o
    0x080061cc   0x080061cc   0x00000008   Data   RO          945    .constdata          system_stm32f4xx.o
    0x080061d4   0x080061d4   0x0000000b   Data   RO          321    .conststrlit        rtx_kernel.o
    0x080061df   0x080061df   0x00000001   PAD
    0x080061e0   0x080061e0   0x000000a0   Data   RO          382    .rodata             rtx_lib.o
    0x08006280   0x08006280   0x00000020   Data   RO         1003    Region$$Table       anon$$obj.o


    Execution Region RW_IRAM2 (Exec base: 0x10000000, Load base: 0x080062dc, Size: 0x000004a4, Max: 0x00010000, ABSOLUTE, UNINIT)

    Exec Addr    Load Addr    Size         Type   Attr      Idx    E Section Name        Object

    0x10000000        -       0x000004a4   Zero   RW          728    .bss.noinit         eventrecorder.o


    Execution Region RW_IRAM1 (Exec base: 0x20000000, Load base: 0x080062a0, Size: 0x00001818, Max: 0x00020000, ABSOLUTE, COMPRESSED[0x0000003c])

    Exec Addr    Load Addr    Size         Type   Attr      Idx    E Section Name        Object

    0x20000000   COMPRESSED   0x00001000   Data   RW          369    .bss.os             rtx_lib.o
    0x20001000   COMPRESSED   0x00000040   Data   RW          370    .bss.os             rtx_lib.o
    0x20001040   COMPRESSED   0x00000034   Data   RW          371    .bss.os.msgqueue.cb  rtx_lib.o
    0x20001074   COMPRESSED   0x00000050   Data   RW          372    .bss.os.msgqueue.mem  rtx_lib.o
    0x200010c4   COMPRESSED   0x00000044   Data   RW          373    .bss.os.thread.cb   rtx_lib.o
    0x20001108   COMPRESSED   0x00000044   Data   RW          374    .bss.os.thread.cb   rtx_lib.o
    0x2000114c   COMPRESSED   0x00000004   PAD
    0x20001150   COMPRESSED   0x00000100   Data   RW          375    .bss.os.thread.stack  rtx_lib.o
    0x20001250   COMPRESSED   0x00000100   Data   RW          376    .bss.os.thread.stack  rtx_lib.o
    0x20001350   COMPRESSED   0x00000004   Data   RW            5    .data               main.o
    0x20001354   COMPRESSED   0x00000008   Data   RW          113    .data               blinky.o
    0x2000135c   COMPRESSED   0x00000001   Data   RW          677    .data               os_systick.o
    0x2000135d   COMPRESSED   0x00000003   PAD
    0x20001360   COMPRESSED   0x0000000c   Data   RW          762    .data               stm32f4xx_hal.o
    0x2000136c   COMPRESSED   0x00000004   Data   RW          946    .data               system_stm32f4xx.o
    0x20001370   COMPRESSED   0x000000a4   Data   RW          322    .data.os            rtx_kernel.o
    0x20001414   COMPRESSED   0x00000004   PAD
    0x20001418        -       0x00000400   Zero   RW          933    STACK               startup_stm32f407xx.o


==============================================================================

Image component sizes


      Code (inc. data)   RO Data    RW Data    ZI Data      Debug   Object Name

       160         10          0          8          0       4862   blinky.o
        96         10          0          0          0       2064   buttons_f4discovery.o
      1452         40         24          0       1188      17768   eventrecorder.o
       196         12          0          0          0        680   irq_cm4f.o
       200         14         32          0          0       2785   led_f4discovery.o
       272         26          0          4          0     649123   main.o
       196         12          0          1          0       2040   os_systick.o
         4          0          0          0          0        631   rtx_config.o
       236         14          0          0          0      20290   rtx_delay.o
      2384         94          0          0          0      45001   rtx_evr.o
      1720         98         11        164          0      27713   rtx_kernel.o
       144          0        260       4940          0      10007   rtx_lib.o
       292          0          0          0          0       3907   rtx_memory.o
      2000         48          0          0          0      15408   rtx_mempool.o
      2804         54          0          0          0      23792   rtx_msgqueue.o
      1300         32          0          0          0       9783   rtx_mutex.o
       664         18          0          0          0       8673   rtx_system.o
      4872        126          0          0          0      33125   rtx_thread.o
      1132         40          0          0          0       7561   rtx_timer.o
        36          8        392          0       1024        868   startup_stm32f407xx.o
       436         32          0         12          0       6216   stm32f4xx_hal.o
       664         10          0          0          0      36486   stm32f4xx_hal_cortex.o
       804         44          0          0          0       4259   stm32f4xx_hal_gpio.o
      1816         56          0          0          0       6367   stm32f4xx_hal_rcc.o
       216         30         24          4          0       1781   system_stm32f4xx.o

    ----------------------------------------------------------------------
     24096        828        776       5140       2216     941190   Object Totals
         0          0         32          0          0          0   (incl. Generated)
         0          0          1          7          4          0   (incl. Padding)

    ----------------------------------------------------------------------

      Code (inc. data)   RO Data    RW Data    ZI Data      Debug   Library Member Name

        58          0          0          0          0          0   __dczerorl.o
         0          0          0          0          0          0   entry.o
         0          0          0          0          0          0   entry10a.o
         0          0          0          0          0          0   entry11a.o
         8          4          0          0          0          0   entry2.o
         4          0          0          0          0          0   entry5.o
         0          0          0          0          0          0   entry7b.o
         0          0          0          0          0          0   entry8b.o
         8          4          0          0          0          0   entry9a.o
        30          0          0          0          0          0   handlers.o
        36          8          0          0          0         68   init.o
        30          0          0          0          0         68   llshl.o
        32          0          0          0          0         68   llushr.o
        36          0          0          0          0         68   memcpya.o
        36          0          0          0          0        108   memseta.o
        98          0          0          0          0         92   uldiv.o

    ----------------------------------------------------------------------
       376         16          0          0          0        472   Library Totals
         0          0          0          0          0          0   (incl. Padding)

    ----------------------------------------------------------------------

      Code (inc. data)   RO Data    RW Data    ZI Data      Debug   Library Name

       376         16          0          0          0        472   mc_w.l

    ----------------------------------------------------------------------
       376         16          0          0          0        472   Library Totals

    ----------------------------------------------------------------------

==============================================================================


      Code (inc. data)   RO Data    RW Data    ZI Data      Debug   

     24472        844        776       5140       2216     937490   Grand Totals
     24472        844        776         60       2216     937490   ELF Image Totals (compressed)
     24472        844        776         60          0          0   ROM Totals

==============================================================================

    Total RO  Size (Code + RO Data)                25248 (  24.66kB)
    Total RW  Size (RW Data + ZI Data)              7356 (   7.18kB)
    Total ROM Size (Code + RO Data + RW Data)      25308 (  24.71kB)

==============================================================================

